Component: ARM Compiler 5.05 update 1 (build 106) Tool: armlink [4d0efa]

==============================================================================

Section Cross References

    main.o(i._Z4loopv) refers to data_process.o(i._ZN21WIRELESS_DATA_PROCESS12process_loopEv) for WIRELESS_DATA_PROCESS::process_loop()
    main.o(i._Z4loopv) refers to data_process.o(i._ZN21WIRELESS_DATA_PROCESS15process_commandEv) for WIRELESS_DATA_PROCESS::process_command()
    main.o(i._Z4loopv) refers to data_process.o(.data) for si4463_data_process
    main.o(i._Z5setupv) refers to _printf_percent.o(.ARM.Collect$$_printf_percent$$00000000) for _printf_percent
    main.o(i._Z5setupv) refers to _printf_d.o(.ARM.Collect$$_printf_percent$$00000009) for _printf_d
    main.o(i._Z5setupv) refers to _printf_dec.o(.text) for _printf_int_dec
    main.o(i._Z5setupv) refers to _printf_x.o(.ARM.Collect$$_printf_percent$$0000000C) for _printf_x
    main.o(i._Z5setupv) refers to _printf_hex_int.o(.text) for _printf_longlong_hex
    main.o(i._Z5setupv) refers to misc.o(i.NVIC_PriorityGroupConfig) for NVIC_PriorityGroupConfig
    main.o(i._Z5setupv) refers to drv_uart.o(i.drv_uart_setup) for drv_uart_setup
    main.o(i._Z5setupv) refers to drv_delay.o(i.drv_delay_setup) for drv_delay_setup
    main.o(i._Z5setupv) refers to drv_led.o(i.drv_led_setup) for drv_led_setup
    main.o(i._Z5setupv) refers to drv_si4463.o(i._ZN6SI446X12SI446x_setupEv) for SI446X::SI446x_setup()
    main.o(i._Z5setupv) refers to data_process.o(i._ZN21WIRELESS_DATA_PROCESS13process_setupEh) for WIRELESS_DATA_PROCESS::process_setup(unsigned char)
    main.o(i._Z5setupv) refers to noretval__2printf.o(.text) for __2printf
    main.o(i._Z5setupv) refers to main.o(.data) for si4463
    main.o(i._Z5setupv) refers to data_process.o(.data) for si4463_data_process
    main.o(i._Z5setupv) refers to data_process.o(.bss) for machine_info
    main.o(i.main) refers to main.o(i._Z5setupv) for setup()
    main.o(i.main) refers to main.o(i._Z4loopv) for loop()
    main.o(.ARM.exidx) refers to main.o(i._Z5setupv) for i._Z5setupv
    main.o(.ARM.exidx) refers to main.o(i._Z4loopv) for i._Z4loopv
    main.o(.ARM.exidx) refers to main.o(i.main) for i.main
    drv_delay.o(i.TIM3_IRQHandler) refers to data_process.o(.data) for gTimer
    drv_delay.o(i.drv_delay_500Ms) refers to drv_delay.o(i.drv_delay_ms) for drv_delay_ms
    drv_delay.o(i.drv_delay_setup) refers to stm32f10x_rcc.o(i.RCC_GetClocksFreq) for RCC_GetClocksFreq
    drv_delay.o(i.drv_delay_setup) refers to stm32f10x_rcc.o(i.RCC_APB1PeriphClockCmd) for RCC_APB1PeriphClockCmd
    drv_delay.o(i.drv_delay_setup) refers to stm32f10x_tim.o(i.TIM_TimeBaseInit) for TIM_TimeBaseInit
    drv_delay.o(i.drv_delay_setup) refers to stm32f10x_tim.o(i.TIM_ClearFlag) for TIM_ClearFlag
    drv_delay.o(i.drv_delay_setup) refers to stm32f10x_tim.o(i.TIM_SetCounter) for TIM_SetCounter
    drv_delay.o(i.drv_delay_setup) refers to stm32f10x_tim.o(i.TIM_Cmd) for TIM_Cmd
    drv_delay.o(i.drv_delay_setup) refers to stm32f10x_tim.o(i.TIM_GetFlagStatus) for TIM_GetFlagStatus
    drv_delay.o(i.drv_delay_unblock_setup) refers to stm32f10x_rcc.o(i.RCC_GetClocksFreq) for RCC_GetClocksFreq
    drv_delay.o(i.drv_delay_unblock_setup) refers to stm32f10x_rcc.o(i.RCC_APB1PeriphClockCmd) for RCC_APB1PeriphClockCmd
    drv_delay.o(i.drv_delay_unblock_setup) refers to stm32f10x_tim.o(i.TIM_TimeBaseInit) for TIM_TimeBaseInit
    drv_delay.o(i.drv_delay_unblock_setup) refers to stm32f10x_tim.o(i.TIM_ITConfig) for TIM_ITConfig
    drv_delay.o(i.drv_delay_unblock_setup) refers to misc.o(i.NVIC_Init) for NVIC_Init
    drv_led.o(i.EXTIX_Init) refers to stm32f10x_rcc.o(i.RCC_APB2PeriphClockCmd) for RCC_APB2PeriphClockCmd
    drv_led.o(i.EXTIX_Init) refers to stm32f10x_gpio.o(i.GPIO_EXTILineConfig) for GPIO_EXTILineConfig
    drv_led.o(i.EXTIX_Init) refers to stm32f10x_exti.o(i.EXTI_Init) for EXTI_Init
    drv_led.o(i.EXTIX_Init) refers to misc.o(i.NVIC_Init) for NVIC_Init
    drv_led.o(i.drv_led_off) refers to stm32f10x_gpio.o(i.GPIO_ResetBits) for GPIO_ResetBits
    drv_led.o(i.drv_led_on) refers to stm32f10x_gpio.o(i.GPIO_SetBits) for GPIO_SetBits
    drv_led.o(i.drv_led_setup) refers to stm32f10x_rcc.o(i.RCC_APB2PeriphClockCmd) for RCC_APB2PeriphClockCmd
    drv_led.o(i.drv_led_setup) refers to stm32f10x_gpio.o(i.GPIO_Init) for GPIO_Init
    drv_led.o(i.drv_led_setup) refers to stm32f10x_gpio.o(i.GPIO_SetBits) for GPIO_SetBits
    drv_spi.o(i.drv_spi_init) refers to stm32f10x_rcc.o(i.RCC_APB2PeriphClockCmd) for RCC_APB2PeriphClockCmd
    drv_spi.o(i.drv_spi_init) refers to stm32f10x_gpio.o(i.GPIO_Init) for GPIO_Init
    drv_spi.o(i.drv_spi_init) refers to stm32f10x_gpio.o(i.GPIO_SetBits) for GPIO_SetBits
    drv_spi.o(i.drv_spi_init) refers to stm32f10x_spi.o(i.SPI_I2S_DeInit) for SPI_I2S_DeInit
    drv_spi.o(i.drv_spi_init) refers to stm32f10x_spi.o(i.SPI_Cmd) for SPI_Cmd
    drv_spi.o(i.drv_spi_init) refers to stm32f10x_spi.o(i.SPI_Init) for SPI_Init
[...]
    ../clib/angel/kernel.s                   0x00000000   Number         0  __rtentry2.o ABSOLUTE
    ../clib/angel/kernel.s                   0x00000000   Number         0  rtexit2.o ABSOLUTE
    ../clib/angel/kernel.s                   0x00000000   Number         0  __rtentry.o ABSOLUTE
    ../clib/angel/kernel.s                   0x00000000   Number         0  rtexit.o ABSOLUTE
    ../clib/angel/kernel.s                   0x00000000   Number         0  __rtentry4.o ABSOLUTE
    ../clib/angel/rt.s                       0x00000000   Number         0  rt_raise.o ABSOLUTE
    ../clib/angel/scatter.s                  0x00000000   Number         0  __scatter.o ABSOLUTE
    ../clib/angel/startup.s                  0x00000000   Number         0  __main.o ABSOLUTE
    ../clib/angel/sys.s                      0x00000000   Number         0  sys_stackheap_outer.o ABSOLUTE
    ../clib/angel/sys.s                      0x00000000   Number         0  indicate_semi.o ABSOLUTE
    ../clib/angel/sys.s                      0x00000000   Number         0  use_no_semi_2.o ABSOLUTE
    ../clib/angel/sys.s                      0x00000000   Number         0  libspace.o ABSOLUTE
    ../clib/angel/sys.s                      0x00000000   Number         0  use_no_semi.o ABSOLUTE
    ../clib/angel/sysapp.c                   0x00000000   Number         0  sys_wrch.o ABSOLUTE
    ../clib/angel/sysapp.c                   0x00000000   Number         0  sys_command.o ABSOLUTE
    ../clib/armsys.c                         0x00000000   Number         0  _get_argv_nomalloc.o ABSOLUTE
    ../clib/armsys.c                         0x00000000   Number         0  argv_veneer.o ABSOLUTE
    ../clib/armsys.c                         0x00000000   Number         0  argv_veneer.o ABSOLUTE
    ../clib/armsys.c                         0x00000000   Number         0  no_argv.o ABSOLUTE
    ../clib/heapalloc.c                      0x00000000   Number         0  hrguard.o ABSOLUTE
    ../clib/heapaux.c                        0x00000000   Number         0  heapauxi.o ABSOLUTE
    ../clib/libinit.s                        0x00000000   Number         0  libshutdown2.o ABSOLUTE
    ../clib/libinit.s                        0x00000000   Number         0  libshutdown.o ABSOLUTE
    ../clib/libinit.s                        0x00000000   Number         0  libinit.o ABSOLUTE
    ../clib/libinit.s                        0x00000000   Number         0  libinit2.o ABSOLUTE
    ../clib/memcpset.s                       0x00000000   Number         0  rt_memcpy_w.o ABSOLUTE
    ../clib/memcpset.s                       0x00000000   Number         0  rt_memclr_w.o ABSOLUTE
    ../clib/memcpset.s                       0x00000000   Number         0  rt_memclr.o ABSOLUTE
    ../clib/memcpset.s                       0x00000000   Number         0  rt_memcpy_v6.o ABSOLUTE
    ../clib/printf.c                         0x00000000   Number         0  _printf_hex_ptr.o ABSOLUTE
    ../clib/printf.c                         0x00000000   Number         0  _printf_hex_int_ptr.o ABSOLUTE
    ../clib/printf.c                         0x00000000   Number         0  __printf_flags_ss.o ABSOLUTE
    ../clib/printf.c                         0x00000000   Number         0  __printf_wp.o ABSOLUTE
    ../clib/printf.c                         0x00000000   Number         0  _printf_hex_ll_ptr.o ABSOLUTE
    ../clib/printf.c                         0x00000000   Number         0  __printf.o ABSOLUTE
    ../clib/printf.c                         0x00000000   Number         0  __printf_flags_wp.o ABSOLUTE
    ../clib/printf.c                         0x00000000   Number         0  __printf_nopercent.o ABSOLUTE
    ../clib/printf.c                         0x00000000   Number         0  noretval__2printf.o ABSOLUTE
    ../clib/printf.c                         0x00000000   Number         0  __printf_ss_wp.o ABSOLUTE
    ../clib/printf.c                         0x00000000   Number         0  __printf_flags_ss_wp.o ABSOLUTE
    ../clib/printf.c                         0x00000000   Number         0  _printf_char_file.o ABSOLUTE
    ../clib/printf.c                         0x00000000   Number         0  _printf_intcommon.o ABSOLUTE
    ../clib/printf.c                         0x00000000   Number         0  _printf_hex_int_ll_ptr.o ABSOLUTE
    ../clib/printf.c                         0x00000000   Number         0  _printf_char_common.o ABSOLUTE
    ../clib/printf.c                         0x00000000   Number         0  _printf_hex_int_ll.o ABSOLUTE
    ../clib/printf.c                         0x00000000   Number         0  __printf_flags.o ABSOLUTE
    ../clib/printf.c                         0x00000000   Number         0  _printf_hex_int.o ABSOLUTE
    ../clib/printf.c                         0x00000000   Number         0  _printf_hex_ll.o ABSOLUTE
    ../clib/printf.c                         0x00000000   Number         0  _printf_dec.o ABSOLUTE
    ../clib/printf.c                         0x00000000   Number         0  __printf_ss.o ABSOLUTE
    ../clib/printf.c                         0x00000000   Number         0  __2printf.o ABSOLUTE
    ../clib/printf_percent.s                 0x00000000   Number         0  _printf_x.o ABSOLUTE
    ../clib/printf_percent.s                 0x00000000   Number         0  _printf_d.o ABSOLUTE
    ../clib/printf_percent.s                 0x00000000   Number         0  _printf_percent.o ABSOLUTE
    ../clib/printf_percent.s                 0x00000000   Number         0  _printf_percent_end.o ABSOLUTE
    ../clib/signal.c                         0x00000000   Number         0  defsig_general.o ABSOLUTE
    ../clib/signal.c                         0x00000000   Number         0  __raise.o ABSOLUTE
    ../clib/signal.c                         0x00000000   Number         0  defsig_rtmem_inner.o ABSOLUTE
    ../clib/signal.c                         0x00000000   Number         0  defsig_exit.o ABSOLUTE
    ../clib/signal.c                         0x00000000   Number         0  defsig_rtmem_outer.o ABSOLUTE
    ../clib/signal.c                         0x00000000   Number         0  defsig_rtmem_formal.o ABSOLUTE
    ../clib/signal.c                         0x00000000   Number         0  defsig_abrt_inner.o ABSOLUTE
    ../clib/signal.c                         0x00000000   Number         0  defsig_fpe_inner.o ABSOLUTE
    ../clib/signal.c                         0x00000000   Number         0  defsig_rtred_inner.o ABSOLUTE
    ../clib/signal.c                         0x00000000   Number         0  defsig_stak_inner.o ABSOLUTE
    ../clib/signal.c                         0x00000000   Number         0  defsig_pvfn_inner.o ABSOLUTE
    ../clib/signal.c                         0x00000000   Number         0  defsig_cppl_inner.o ABSOLUTE
    ../clib/signal.c                         0x00000000   Number         0  defsig_segv_inner.o ABSOLUTE
    ../clib/signal.c                         0x00000000   Number         0  defsig_other.o ABSOLUTE
    ../clib/signal.s                         0x00000000   Number         0  defsig.o ABSOLUTE
    ../clib/stdio.c                          0x00000000   Number         0  ferror_locked.o ABSOLUTE
    ../clib/stdio.c                          0x00000000   Number         0  ferror.o ABSOLUTE
    ../clib/stdlib.c                         0x00000000   Number         0  exit.o ABSOLUTE
    ../clib/stdlib.c                         0x00000000   Number         0  rand.o ABSOLUTE
    ../clib/stdlib.c                         0x00000000   Number         0  rand.o ABSOLUTE
    ../clib/string.c                         0x00000000   Number         0  memcmp.o ABSOLUTE
    ../fplib/fpinit.s                        0x00000000   Number         0  fpinit.o ABSOLUTE
    CORE\\core_cm3.c                         0x00000000   Number         0  core_cm3.o ABSOLUTE
    CORE\core_cm3.c                          0x00000000   Number         0  core_cm3.o ABSOLUTE
    CORE\startup\startup_stm32f10x_md.s      0x00000000   Number         0  startup_stm32f10x_md.o ABSOLUTE
    HEADWARE\src\data_process.cpp            0x00000000   Number         0  data_process.o ABSOLUTE
    HEADWARE\src\drv_SI4463.cpp              0x00000000   Number         0  drv_si4463.o ABSOLUTE
    HEADWARE\src\drv_button.cpp              0x00000000   Number         0  drv_button.o ABSOLUTE
    HEADWARE\src\drv_delay.c                 0x00000000   Number         0  drv_delay.o ABSOLUTE
    HEADWARE\src\drv_led.c                   0x00000000   Number         0  drv_led.o ABSOLUTE
    HEADWARE\src\drv_spi.c                   0x00000000   Number         0  drv_spi.o ABSOLUTE
    HEADWARE\src\drv_uart.c                  0x00000000   Number         0  drv_uart.o ABSOLUTE
    HEADWARE\src\key.c                       0x00000000   Number         0  key.o ABSOLUTE
    HEADWARE\src\stm32_flash.c               0x00000000   Number         0  stm32_flash.o ABSOLUTE
    STM32F10x_FWLib\src\misc.c               0x00000000   Number         0  misc.o ABSOLUTE
    STM32F10x_FWLib\src\stm32f10x_dbgmcu.c   0x00000000   Number         0  stm32f10x_dbgmcu.o ABSOLUTE
    STM32F10x_FWLib\src\stm32f10x_exti.c     0x00000000   Number         0  stm32f10x_exti.o ABSOLUTE
    STM32F10x_FWLib\src\stm32f10x_flash.c    0x00000000   Number         0  stm32f10x_flash.o ABSOLUTE
    STM32F10x_FWLib\src\stm32f10x_gpio.c     0x00000000   Number         0  stm32f10x_gpio.o ABSOLUTE
    STM32F10x_FWLib\src\stm32f10x_rcc.c      0x00000000   Number         0  stm32f10x_rcc.o ABSOLUTE
    STM32F10x_FWLib\src\stm32f10x_sdio.c     0x00000000   Number         0  stm32f10x_sdio.o ABSOLUTE
    STM32F10x_FWLib\src\stm32f10x_spi.c      0x00000000   Number         0  stm32f10x_spi.o ABSOLUTE
    STM32F10x_FWLib\src\stm32f10x_tim.c      0x00000000   Number         0  stm32f10x_tim.o ABSOLUTE
    STM32F10x_FWLib\src\stm32f10x_usart.c    0x00000000   Number         0  stm32f10x_usart.o ABSOLUTE
    dc.s                                     0x00000000   Number         0  dc.o ABSOLUTE
    main.cpp                                 0x00000000   Number         0  main.o ABSOLUTE
    RESET                                    0x08000000   Section      236  startup_stm32f10x_md.o(RESET)
    !!!main                                  0x080000ec   Section        8  __main.o(!!!main)
    !!!scatter                               0x080000f4   Section       52  __scatter.o(!!!scatter)
    !!handler_copy                           0x08000128   Section       26  __scatter_copy.o(!!handler_copy)
    !!handler_zi                             0x08000144   Section       28  __scatter_zi.o(!!handler_zi)
    .ARM.Collect$$_printf_percent$$00000000  0x08000160   Section        0  _printf_percent.o(.ARM.Collect$$_printf_percent$$00000000)
    .ARM.Collect$$_printf_percent$$00000009  0x08000160   Section        6  _printf_d.o(.ARM.Collect$$_printf_percent$$00000009)
    .ARM.Collect$$_printf_percent$$0000000C  0x08000166   Section        6  _printf_x.o(.ARM.Collect$$_printf_percent$$0000000C)
    .ARM.Collect$$_printf_percent$$00000017  0x0800016c   Section        4  _printf_percent_end.o(.ARM.Collect$$_printf_percent$$00000017)
    .ARM.Collect$$libinit$$00000000          0x08000170   Section        2  libinit.o(.ARM.Collect$$libinit$$00000000)
    .ARM.Collect$$libinit$$00000002          0x08000172   Section        0  libinit2.o(.ARM.Collect$$libinit$$00000002)
    .ARM.Collect$$libinit$$00000004          0x08000172   Section        0  libinit2.o(.ARM.Collect$$libinit$$00000004)
    .ARM.Collect$$libinit$$0000000A          0x08000172   Section        0  libinit2.o(.ARM.Collect$$libinit$$0000000A)
    .ARM.Collect$$libinit$$0000000C          0x08000172   Section        0  libinit2.o(.ARM.Collect$$libinit$$0000000C)
    .ARM.Collect$$libinit$$0000000D          0x08000172   Section        4  libinit2.o(.ARM.Collect$$libinit$$0000000D)
    .ARM.Collect$$libinit$$0000000E          0x08000176   Section        0  libinit2.o(.ARM.Collect$$libinit$$0000000E)
    .ARM.Collect$$libinit$$00000011          0x08000176   Section        0  libinit2.o(.ARM.Collect$$libinit$$00000011)
    .ARM.Collect$$libinit$$00000013          0x08000176   Section        0  libinit2.o(.ARM.Collect$$libinit$$00000013)
    .ARM.Collect$$libinit$$00000015          0x08000176   Section        0  libinit2.o(.ARM.Collect$$libinit$$00000015)
    .ARM.Collect$$libinit$$00000017          0x08000176   Section        0  libinit2.o(.ARM.Collect$$libinit$$00000017)
    .ARM.Collect$$libinit$$00000019          0x08000176   Section        0  libinit2.o(.ARM.Collect$$libinit$$00000019)
    .ARM.Collect$$libinit$$0000001B          0x08000176   Section        0  libinit2.o(.ARM.Collect$$libinit$$0000001B)
    .ARM.Collect$$libinit$$0000001D          0x08000176   Section        0  libinit2.o(.ARM.Collect$$libinit$$0000001D)
    .ARM.Collect$$libinit$$0000001F          0x08000176   Section        0  libinit2.o(.ARM.Collect$$libinit$$0000001F)
    .ARM.Collect$$libinit$$00000021          0x08000176   Section        0  libinit2.o(.ARM.Collect$$libinit$$00000021)
    .ARM.Collect$$libinit$$00000023          0x08000176   Section        0  libinit2.o(.ARM.Collect$$libinit$$00000023)
    .ARM.Collect$$libinit$$00000025          0x08000176   Section        0  libinit2.o(.ARM.Collect$$libinit$$00000025)
    .ARM.Collect$$libinit$$0000002C          0x08000176   Section        0  libinit2.o(.ARM.Collect$$libinit$$0000002C)
    .ARM.Collect$$libinit$$0000002E          0x08000176   Section        0  libinit2.o(.ARM.Collect$$libinit$$0000002E)
    .ARM.Collect$$libinit$$00000030          0x08000176   Section        0  libinit2.o(.ARM.Collect$$libinit$$00000030)
    .ARM.Collect$$libinit$$00000032          0x08000176   Section        0  libinit2.o(.ARM.Collect$$libinit$$00000032)
    .ARM.Collect$$libinit$$00000033          0x08000176   Section        2  libinit2.o(.ARM.Collect$$libinit$$00000033)
    .ARM.Collect$$libshutdown$$00000000      0x08000178   Section        2  libshutdown.o(.ARM.Collect$$libshutdown$$00000000)
    .ARM.Collect$$libshutdown$$00000003      0x0800017a   Section        0  libshutdown2.o(.ARM.Collect$$libshutdown$$00000003)
    .ARM.Collect$$libshutdown$$00000006      0x0800017a   Section        0  libshutdown2.o(.ARM.Collect$$libshutdown$$00000006)
    .ARM.Collect$$libshutdown$$00000009      0x0800017a   Section        0  libshutdown2.o(.ARM.Collect$$libshutdown$$00000009)
    .ARM.Collect$$libshutdown$$0000000B      0x0800017a   Section        0  libshutdown2.o(.ARM.Collect$$libshutdown$$0000000B)
    .ARM.Collect$$libshutdown$$0000000E      0x0800017a   Section        0  libshutdown2.o(.ARM.Collect$$libshutdown$$0000000E)
    .ARM.Collect$$libshutdown$$0000000F      0x0800017a   Section        2  libshutdown2.o(.ARM.Collect$$libshutdown$$0000000F)
    .ARM.Collect$$rtentry$$00000000          0x0800017c   Section        0  __rtentry.o(.ARM.Collect$$rtentry$$00000000)
    .ARM.Collect$$rtentry$$00000002          0x0800017c   Section        0  __rtentry2.o(.ARM.Collect$$rtentry$$00000002)
    .ARM.Collect$$rtentry$$00000004          0x0800017c   Section        6  __rtentry4.o(.ARM.Collect$$rtentry$$00000004)
    .ARM.Collect$$rtentry$$00000009          0x08000182   Section        0  __rtentry2.o(.ARM.Collect$$rtentry$$00000009)
    .ARM.Collect$$rtentry$$0000000A          0x08000182   Section        4  __rtentry2.o(.ARM.Collect$$rtentry$$0000000A)
    .ARM.Collect$$rtentry$$0000000C          0x08000186   Section        0  __rtentry2.o(.ARM.Collect$$rtentry$$0000000C)
    .ARM.Collect$$rtentry$$0000000D          0x08000186   Section        8  __rtentry2.o(.ARM.Collect$$rtentry$$0000000D)
    .ARM.Collect$$rtexit$$00000000           0x0800018e   Section        2  rtexit.o(.ARM.Collect$$rtexit$$00000000)
    .ARM.Collect$$rtexit$$00000002           0x08000190   Section        0  rtexit2.o(.ARM.Collect$$rtexit$$00000002)
    .ARM.Collect$$rtexit$$00000003           0x08000190   Section        4  rtexit2.o(.ARM.Collect$$rtexit$$00000003)
    .ARM.Collect$$rtexit$$00000004           0x08000194   Section        6  rtexit2.o(.ARM.Collect$$rtexit$$00000004)
    .emb_text                                0x0800019c   Section       52  rand.o(.emb_text)
    .text                                    0x080001d0   Section       52  startup_stm32f10x_md.o(.text)
    .text                                    0x08000204   Section        2  use_no_semi_2.o(.text)
    .text                                    0x08000208   Section        0  noretval__2printf.o(.text)
    .text                                    0x08000220   Section        0  __printf.o(.text)
    .text                                    0x08000288   Section        0  _printf_dec.o(.text)
    .text                                    0x08000300   Section        0  _printf_hex_int.o(.text)
    .text                                    0x08000358   Section        0  rand.o(.text)
    .text                                    0x08000394   Section        0  memcmp.o(.text)
    .text                                    0x080003ec   Section      138  rt_memcpy_v6.o(.text)
    .text                                    0x08000476   Section       68  rt_memclr.o(.text)
    .text                                    0x080004ba   Section       78  rt_memclr_w.o(.text)
    .text                                    0x08000508   Section        0  heapauxi.o(.text)
    .text                                    0x0800050e   Section        2  use_no_semi.o(.text)
    .text                                    0x08000510   Section        0  _printf_intcommon.o(.text)
    .text                                    0x080005c4   Section        0  _printf_char_file.o(.text)
    .text                                    0x080005e8   Section      100  rt_memcpy_w.o(.text)
    .text                                    0x0800064c   Section        0  _printf_char_common.o(.text)
    _printf_input_char                       0x0800064d   Thumb Code    10  _printf_char_common.o(.text)
    .text                                    0x0800067c   Section        0  ferror.o(.text)
    .text                                    0x08000684   Section       74  sys_stackheap_outer.o(.text)
    .text                                    0x080006ce   Section        0  exit.o(.text)
    .text                                    0x080006dc   Section        8  libspace.o(.text)
    i.EXTI2_IRQHandler                       0x080006e4   Section        0  drv_si4463.o(i.EXTI2_IRQHandler)
    i.EXTI_ClearITPendingBit                 0x080006f0   Section        0  stm32f10x_exti.o(i.EXTI_ClearITPendingBit)
    i.FLASH_ErasePage                        0x080006fc   Section        0  stm32f10x_flash.o(i.FLASH_ErasePage)
    i.FLASH_GetStatus                        0x0800074c   Section        0  stm32f10x_flash.o(i.FLASH_GetStatus)
    i.FLASH_Lock                             0x08000780   Section        0  stm32f10x_flash.o(i.FLASH_Lock)
    i.FLASH_ProgramHalfWord                  0x08000794   Section        0  stm32f10x_flash.o(i.FLASH_ProgramHalfWord)
    i.FLASH_Unlock                           0x080007d8   Section        0  stm32f10x_flash.o(i.FLASH_Unlock)
    i.FLASH_WaitForLastOperation             0x080007f0   Section        0  stm32f10x_flash.o(i.FLASH_WaitForLastOperation)
    i.GPIO_Init                              0x0800081a   Section        0  stm32f10x_gpio.o(i.GPIO_Init)
    i.GPIO_ResetBits                         0x08000930   Section        0  stm32f10x_gpio.o(i.GPIO_ResetBits)
    i.GPIO_SetBits                           0x08000934   Section        0  stm32f10x_gpio.o(i.GPIO_SetBits)
    i.NVIC_PriorityGroupConfig               0x08000938   Section        0  misc.o(i.NVIC_PriorityGroupConfig)
    i.RCC_APB1PeriphClockCmd                 0x0800094c   Section        0  stm32f10x_rcc.o(i.RCC_APB1PeriphClockCmd)
    i.RCC_APB1PeriphResetCmd                 0x0800096c   Section        0  stm32f10x_rcc.o(i.RCC_APB1PeriphResetCmd)
    i.RCC_APB2PeriphClockCmd                 0x0800098c   Section        0  stm32f10x_rcc.o(i.RCC_APB2PeriphClockCmd)
    i.RCC_APB2PeriphResetCmd                 0x080009ac   Section        0  stm32f10x_rcc.o(i.RCC_APB2PeriphResetCmd)
    i.RCC_GetClocksFreq                      0x080009cc   Section        0  stm32f10x_rcc.o(i.RCC_GetClocksFreq)
    i.SPI_Cmd                                0x08000aa0   Section        0  stm32f10x_spi.o(i.SPI_Cmd)
    i.SPI_I2S_DeInit                         0x08000ab8   Section        0  stm32f10x_spi.o(i.SPI_I2S_DeInit)
    i.SPI_I2S_GetFlagStatus                  0x08000b14   Section        0  stm32f10x_spi.o(i.SPI_I2S_GetFlagStatus)
    i.SPI_Init                               0x08000b26   Section        0  stm32f10x_spi.o(i.SPI_Init)
    i.STMFLASH_Read                          0x08000b62   Section        0  stm32_flash.o(i.STMFLASH_Read)
    i.STMFLASH_ReadHalfWord                  0x08000b84   Section        0  stm32_flash.o(i.STMFLASH_ReadHalfWord)
    i.STMFLASH_Write                         0x08000b8c   Section        0  stm32_flash.o(i.STMFLASH_Write)
    i.STMFLASH_Write_NoCheck                 0x08000c74   Section        0  stm32_flash.o(i.STMFLASH_Write_NoCheck)
    i.TIM3_IRQHandler                        0x08000c9c   Section        0  drv_delay.o(i.TIM3_IRQHandler)
    i.TIM_ClearFlag                          0x08000d24   Section        0  stm32f10x_tim.o(i.TIM_ClearFlag)
    i.TIM_Cmd                                0x08000d2a   Section        0  stm32f10x_tim.o(i.TIM_Cmd)
    i.TIM_GetFlagStatus                      0x08000d42   Section        0  stm32f10x_tim.o(i.TIM_GetFlagStatus)
    i.TIM_SetCounter                         0x08000d54   Section        0  stm32f10x_tim.o(i.TIM_SetCounter)
    i.TIM_TimeBaseInit                       0x08000d58   Section        0  stm32f10x_tim.o(i.TIM_TimeBaseInit)
    i.USART_Cmd                              0x08000d94   Section        0  stm32f10x_usart.o(i.USART_Cmd)
    i.USART_DeInit                           0x08000dac   Section        0  stm32f10x_usart.o(i.USART_DeInit)
    i.USART_GetFlagStatus                    0x08000e48   Section        0  stm32f10x_usart.o(i.USART_GetFlagStatus)
    i.USART_Init                             0x08000e5c   Section        0  stm32f10x_usart.o(i.USART_Init)
    i._Z4loopv                               0x08000ef8   Section        0  main.o(i._Z4loopv)
    i._Z5setupv                              0x08000f0c   Section        0  main.o(i._Z5setupv)
    i._ZN21WIRELESS_DATA_PROCESS10host_loginEj 0x08001070   Section        0  data_process.o(i._ZN21WIRELESS_DATA_PROCESS10host_loginEj)
    i._ZN21WIRELESS_DATA_PROCESS10host_loginEv 0x0800123c   Section        0  data_process.o(i._ZN21WIRELESS_DATA_PROCESS10host_loginEv)
    i._ZN21WIRELESS_DATA_PROCESS11host_logoutEv 0x080013f8   Section        0  data_process.o(i._ZN21WIRELESS_DATA_PROCESS11host_logoutEv)
    i._ZN21WIRELESS_DATA_PROCESS12device_loginEv 0x08001540   Section        0  data_process.o(i._ZN21WIRELESS_DATA_PROCESS12device_loginEv)
    i._ZN21WIRELESS_DATA_PROCESS12process_loopEv 0x080016d8   Section        0  data_process.o(i._ZN21WIRELESS_DATA_PROCESS12process_loopEv)
    i._ZN21WIRELESS_DATA_PROCESS13check_machineEj 0x08001700   Section        0  data_process.o(i._ZN21WIRELESS_DATA_PROCESS13check_machineEj)
    i._ZN21WIRELESS_DATA_PROCESS13check_machineEv 0x080017e8   Section        0  data_process.o(i._ZN21WIRELESS_DATA_PROCESS13check_machineEv)
    i._ZN21WIRELESS_DATA_PROCESS13device_logoutEv 0x080018f4   Section        0  data_process.o(i._ZN21WIRELESS_DATA_PROCESS13device_logoutEv)
    i._ZN21WIRELESS_DATA_PROCESS13process_setupEh 0x080019ec   Section        0  data_process.o(i._ZN21WIRELESS_DATA_PROCESS13process_setupEh)
    i._ZN21WIRELESS_DATA_PROCESS13test_transferEv 0x08001b00   Section        0  data_process.o(i._ZN21WIRELESS_DATA_PROCESS13test_transferEv)
    i._ZN21WIRELESS_DATA_PROCESS14calc_check_sumEPhh 0x08001c9c   Section        0  data_process.o(i._ZN21WIRELESS_DATA_PROCESS14calc_check_sumEPhh)
    i._ZN21WIRELESS_DATA_PROCESS15host_add_deviceEv 0x08001cb8   Section        0  data_process.o(i._ZN21WIRELESS_DATA_PROCESS15host_add_deviceEv)
    i._ZN21WIRELESS_DATA_PROCESS15process_commandEv 0x08001d94   Section        0  data_process.o(i._ZN21WIRELESS_DATA_PROCESS15process_commandEv)
    i._ZN21WIRELESS_DATA_PROCESS15process_receiveEv 0x08002028   Section        0  data_process.o(i._ZN21WIRELESS_DATA_PROCESS15process_receiveEv)
    i._ZN21WIRELESS_DATA_PROCESS16function_processEv 0x08002220   Section        0  data_process.o(i._ZN21WIRELESS_DATA_PROCESS16function_processEv)
    i._ZN21WIRELESS_DATA_PROCESS16process_responseEh 0x080022e0   Section        0  data_process.o(i._ZN21WIRELESS_DATA_PROCESS16process_responseEh)
    i._ZN21WIRELESS_DATA_PROCESS16process_transferEv 0x080025ec   Section        0  data_process.o(i._ZN21WIRELESS_DATA_PROCESS16process_transferEv)
    i._ZN21WIRELESS_DATA_PROCESS16set_machine_infoEv 0x08002918   Section        0  data_process.o(i._ZN21WIRELESS_DATA_PROCESS16set_machine_infoEv)
    i._ZN21WIRELESS_DATA_PROCESS17wait_wireless_ackEt 0x08002a44   Section        0  data_process.o(i._ZN21WIRELESS_DATA_PROCESS17wait_wireless_ackEt)
    i._ZN21WIRELESS_DATA_PROCESS17wait_wireless_ackEtj 0x08002acc   Section        0  data_process.o(i._ZN21WIRELESS_DATA_PROCESS17wait_wireless_ackEtj)
    i._ZN21WIRELESS_DATA_PROCESS18check_machine_infoEv 0x08002b94   Section        0  data_process.o(i._ZN21WIRELESS_DATA_PROCESS18check_machine_infoEv)
    i._ZN21WIRELESS_DATA_PROCESS19test_device_processEv 0x08002ca8   Section        0  data_process.o(i._ZN21WIRELESS_DATA_PROCESS19test_device_processEv)
    i._ZN21WIRELESS_DATA_PROCESS21cryption_data_processEPhhS0_ 0x08002e14   Section        0  data_process.o(i._ZN21WIRELESS_DATA_PROCESS21cryption_data_processEPhhS0_)
    i._ZN21WIRELESS_DATA_PROCESS23clear_save_machine_dataEv 0x08002e5c   Section        0  data_process.o(i._ZN21WIRELESS_DATA_PROCESS23clear_save_machine_dataEv)
    i._ZN21WIRELESS_DATA_PROCESS23login_save_machine_infoEv 0x08002f00   Section        0  data_process.o(i._ZN21WIRELESS_DATA_PROCESS23login_save_machine_infoEv)
    i._ZN21WIRELESS_DATA_PROCESS23test_smart_lock_processEv 0x08002f2c   Section        0  data_process.o(i._ZN21WIRELESS_DATA_PROCESS23test_smart_lock_processEv)
    i._ZN21WIRELESS_DATA_PROCESS5crc16EPKvt  0x08003080   Section        0  data_process.o(i._ZN21WIRELESS_DATA_PROCESS5crc16EPKvt)
    i._ZN6SI446X12SI446x_ResetEv             0x080030bc   Section        0  drv_si4463.o(i._ZN6SI446X12SI446x_ResetEv)
    i._ZN6SI446X12SI446x_setupEv             0x080030f4   Section        0  drv_si4463.o(i._ZN6SI446X12SI446x_setupEv)
    i._ZN6SI446X15SI446x_Power_UpEj          0x080031dc   Section        0  drv_si4463.o(i._ZN6SI446X15SI446x_Power_UpEj)
    i._ZN6SI446X15SI446x_Start_RxEhhthhh     0x0800321e   Section        0  drv_si4463.o(i._ZN6SI446X15SI446x_Start_RxEhhthhh)
    i._ZN6SI446X15SI446x_Wait_CtsEv          0x08003278   Section        0  drv_si4463.o(i._ZN6SI446X15SI446x_Wait_CtsEv)
    i._ZN6SI446X15si446x_get_rssiEv          0x080032c8   Section        0  drv_si4463.o(i._ZN6SI446X15si446x_get_rssiEv)
    i._ZN6SI446X16SI446x_Gpio_InitEv         0x080032dc   Section        0  drv_si4463.o(i._ZN6SI446X16SI446x_Gpio_InitEv)
    i._ZN6SI446X16SI446x_Set_PowerEh         0x08003360   Section        0  drv_si4463.o(i._ZN6SI446X16SI446x_Set_PowerEh)
    i._ZN6SI446X17SI446x_Write_CmdsEPhh      0x08003374   Section        0  drv_si4463.o(i._ZN6SI446X17SI446x_Write_CmdsEPhh)
    i._ZN6SI446X18SI446x_Config_GpioEhhhhhhh 0x080033b4   Section        0  drv_si4463.o(i._ZN6SI446X18SI446x_Config_GpioEhhhhhhh)
    i._ZN6SI446X18SI446x_Config_InitEv       0x0800340c   Section        0  drv_si4463.o(i._ZN6SI446X18SI446x_Config_InitEv)
    i._ZN6SI446X18SI446x_Read_PacketEPh      0x080034e8   Section        0  drv_si4463.o(i._ZN6SI446X18SI446x_Read_PacketEPh)
    i._ZN6SI446X18SI446x_Send_PacketEPhhhh   0x08003544   Section        0  drv_si4463.o(i._ZN6SI446X18SI446x_Send_PacketEPhhhh)
    i._ZN6SI446X19SI446x_Reset_RxFifoEv      0x080035c8   Section        0  drv_si4463.o(i._ZN6SI446X19SI446x_Reset_RxFifoEv)
    i._ZN6SI446X19SI446x_Reset_TxFifoEv      0x080035e8   Section        0  drv_si4463.o(i._ZN6SI446X19SI446x_Reset_TxFifoEv)
    i._ZN6SI446X20SI446x_Change_StatusEh     0x08003608   Section        0  drv_si4463.o(i._ZN6SI446X20SI446x_Change_StatusEh)
    i._ZN6SI446X20SI446x_Read_ResponseEPhh   0x08003628   Section        0  drv_si4463.o(i._ZN6SI446X20SI446x_Read_ResponseEPhh)
    i._ZN6SI446X20si446x_recalibrationEv     0x08003670   Section        0  drv_si4463.o(i._ZN6SI446X20si446x_recalibrationEv)
    i._ZN6SI446X21SI446x_Set_Property_1E15SI446X_PROPERTYh 0x080036ec   Section        0  drv_si4463.o(i._ZN6SI446X21SI446x_Set_Property_1E15SI446X_PROPERTYh)
    i._ZN6SI446X23SI446x_Get_Modem_StatusEPh 0x08003722   Section        0  drv_si4463.o(i._ZN6SI446X23SI446x_Get_Modem_StatusEPh)
    i._ZN6SI446X24SI446x_Get_Device_StatusEv 0x08003746   Section        0  drv_si4463.o(i._ZN6SI446X24SI446x_Get_Device_StatusEv)
    i._ZN6SI446X26SI446x_PH_Interrupt_StatusEPh 0x08003772   Section        0  drv_si4463.o(i._ZN6SI446X26SI446x_PH_Interrupt_StatusEPh)
    i._ZN6SI446X27SI446x_Get_Part_InformatoinEPh 0x08003796   Section        0  drv_si4463.o(i._ZN6SI446X27SI446x_Get_Part_InformatoinEPh)
    i._ZN6SI446X8read_IRQEv                  0x080037b8   Section        0  drv_si4463.o(i._ZN6SI446X8read_IRQEv)
    i._sys_exit                              0x08003880   Section        0  drv_uart.o(i._sys_exit)
    i.debug_tx_bytes                         0x08003884   Section        0  drv_uart.o(i.debug_tx_bytes)
    i.debug_tx_bytes_printf                  0x080038c0   Section        0  drv_uart.o(i.debug_tx_bytes_printf)
    i.delay                                  0x080038ec   Section        0  stm32f10x_flash.o(i.delay)
    delay                                    0x080038ed   Thumb Code    26  stm32f10x_flash.o(i.delay)
    i.drv_delay_ms                           0x08003906   Section        0  drv_delay.o(i.drv_delay_ms)
    i.drv_delay_setup                        0x08003958   Section        0  drv_delay.o(i.drv_delay_setup)
    i.drv_delay_us                           0x080039e8   Section        0  drv_delay.o(i.drv_delay_us)
    i.drv_led_flashing                       0x08003a2c   Section        0  drv_led.o(i.drv_led_flashing)
    i.drv_led_setup                          0x08003a54   Section        0  drv_led.o(i.drv_led_setup)
    i.drv_spi_init                           0x08003aa8   Section        0  drv_spi.o(i.drv_spi_init)
    i.drv_spi_read_write_byte                0x08003b7c   Section        0  drv_spi.o(i.drv_spi_read_write_byte)
    i.drv_uart_setup                         0x08003bdc   Section        0  drv_uart.o(i.drv_uart_setup)
    i.drv_uart_tx_bytes                      0x08003cc4   Section        0  drv_uart.o(i.drv_uart_tx_bytes)
    i.fputc                                  0x08003cf4   Section        0  drv_uart.o(i.fputc)
    i.main                                   0x08003d10   Section        0  main.o(i.main)
    i.serial_cmd_Loop                        0x08003d1c   Section        0  drv_uart.o(i.serial_cmd_Loop)
    .constdata                               0x08003de4   Section      364  drv_si4463.o(.constdata)
    config_table                             0x08003de4   Data         364  drv_si4463.o(.constdata)
    .constdata                               0x08003f50   Section       40  _printf_hex_int.o(.constdata)
    uc_hextab                                0x08003f50   Data          20  _printf_hex_int.o(.constdata)
    lc_hextab                                0x08003f64   Data          20  _printf_hex_int.o(.constdata)
    .conststring                             0x08003f78   Section       68  data_process.o(.conststring)
    .data                                    0x20000000   Section        8  main.o(.data)
    .data                                    0x20000008   Section        5  drv_uart.o(.data)
    .data                                    0x2000000e   Section       15  data_process.o(.data)
    .data                                    0x2000001e   Section       76  drv_si4463.o(.data)
    .data                                    0x2000006a   Section       20  stm32f10x_rcc.o(.data)
    APBAHBPrescTable                         0x2000006a   Data          16  stm32f10x_rcc.o(.data)
    ADCPrescTable                            0x2000007a   Data           4  stm32f10x_rcc.o(.data)
    .bss                                     0x20000080   Section       32  drv_uart.o(.bss)
    .bss                                     0x200000a0   Section     1685  data_process.o(.bss)
    .bss                                     0x20000736   Section     1024  stm32_flash.o(.bss)
    .bss                                     0x20000b38   Section      228  rand.o(.bss)
    .bss                                     0x20000c1c   Section       96  libspace.o(.bss)
    HEAP                                     0x20000c80   Section        0  startup_stm32f10x_md.o(HEAP)
    STACK                                    0x20000c80   Section      512  startup_stm32f10x_md.o(STACK)
    Heap_Mem                                 0x20000c80   Data           0  startup_stm32f10x_md.o(HEAP)
    Stack_Mem                                0x20000c80   Data         512  startup_stm32f10x_md.o(STACK)
    __initial_sp                             0x20000e80   Data           0  startup_stm32f10x_md.o(STACK)

    Global Symbols

    Symbol Name                              Value     Ov Type        Size  Object(Section)

    BuildAttributes$$THM_ISAv4$P$D$K$B$S$PE$A:L22UL41UL21$X:L11$S22US41US21$IEEE1$IW$USESV6$~STKCKD$USESV7$~SHL$OSPACE$ROPI$EBA8$UX$STANDARDLIB$REQ8$PRES8$EABIv2 0x00000000   Number         0  anon$$obj.o ABSOLUTE
    __ARM_use_no_argv                        0x00000000   Number         0  main.o ABSOLUTE
    __ARM_exceptions_init                     - Undefined Weak Reference
    __alloca_initialize                       - Undefined Weak Reference
    __arm_preinit_                            - Undefined Weak Reference
    __cpp_initialize__aeabi_                  - Undefined Weak Reference
    __cxa_finalize                            - Undefined Weak Reference
    __rt_locale                               - Undefined Weak Reference
    __sigvec_lookup                           - Undefined Weak Reference
    _atexit_init                              - Undefined Weak Reference
    _call_atexit_fns                          - Undefined Weak Reference
    _clock_init                               - Undefined Weak Reference
    _fp_trap_init                             - Undefined Weak Reference
    _fp_trap_shutdown                         - Undefined Weak Reference
    _get_lc_collate                           - Undefined Weak Reference
    _get_lc_ctype                             - Undefined Weak Reference
    _get_lc_monetary                          - Undefined Weak Reference
    _get_lc_numeric                           - Undefined Weak Reference
    _get_lc_time                              - Undefined Weak Reference
    _getenv_init                              - Undefined Weak Reference
    _handle_redirection                       - Undefined Weak Reference
    _init_alloc                               - Undefined Weak Reference
    _init_user_alloc                          - Undefined Weak Reference
    _initio                                   - Undefined Weak Reference
    _mutex_acquire                            - Undefined Weak Reference
    _mutex_release                            - Undefined Weak Reference
    _printf_post_padding                      - Undefined Weak Reference
    _printf_pre_padding                       - Undefined Weak Reference
    _printf_truncate_signed                   - Undefined Weak Reference
    _printf_truncate_unsigned                 - Undefined Weak Reference
    _signal_finish                            - Undefined Weak Reference
    _signal_init                              - Undefined Weak Reference
    _terminate_alloc                          - Undefined Weak Reference
    _terminate_user_alloc                     - Undefined Weak Reference
    _terminateio                              - Undefined Weak Reference
    __Vectors_Size                           0x000000ec   Number         0  startup_stm32f10x_md.o ABSOLUTE
    __Vectors                                0x08000000   Data           4  startup_stm32f10x_md.o(RESET)
    __Vectors_End                            0x080000ec   Data           0  startup_stm32f10x_md.o(RESET)
    __main                                   0x080000ed   Thumb Code     8  __main.o(!!!main)
    __scatterload                            0x080000f5   Thumb Code     0  __scatter.o(!!!scatter)
    __scatterload_rt2                        0x080000f5   Thumb Code    44  __scatter.o(!!!scatter)
    __scatterload_rt2_thumb_only             0x080000f5   Thumb Code     0  __scatter.o(!!!scatter)
    __scatterload_null                       0x08000103   Thumb Code     0  __scatter.o(!!!scatter)
    __scatterload_copy                       0x08000129   Thumb Code    26  __scatter_copy.o(!!handler_copy)
    __scatterload_zeroinit                   0x08000145   Thumb Code    28  __scatter_zi.o(!!handler_zi)
    _printf_d                                0x08000161   Thumb Code     0  _printf_d.o(.ARM.Collect$$_printf_percent$$00000009)
    _printf_percent                          0x08000161   Thumb Code     0  _printf_percent.o(.ARM.Collect$$_printf_percent$$00000000)
    _printf_x                                0x08000167   Thumb Code     0  _printf_x.o(.ARM.Collect$$_printf_percent$$0000000C)
    _printf_percent_end                      0x0800016d   Thumb Code     0  _printf_percent_end.o(.ARM.Collect$$_printf_percent$$00000017)
    __rt_lib_init                            0x08000171   Thumb Code     0  libinit.o(.ARM.Collect$$libinit$$00000000)
    __rt_lib_init_fp_1                       0x08000173   Thumb Code     0  libinit2.o(.ARM.Collect$$libinit$$00000002)
    __rt_lib_init_heap_1                     0x08000173   Thumb Code     0  libinit2.o(.ARM.Collect$$libinit$$0000000A)
    __rt_lib_init_preinit_1                  0x08000173   Thumb Code     0  libinit2.o(.ARM.Collect$$libinit$$00000004)
    __rt_lib_init_rand_2                     0x08000173   Thumb Code     0  libinit2.o(.ARM.Collect$$libinit$$0000000D)
    __rt_lib_init_user_alloc_1               0x08000173   Thumb Code     0  libinit2.o(.ARM.Collect$$libinit$$0000000C)
    __rt_lib_init_alloca_1                   0x08000177   Thumb Code     0  libinit2.o(.ARM.Collect$$libinit$$0000002E)
    __rt_lib_init_argv_1                     0x08000177   Thumb Code     0  libinit2.o(.ARM.Collect$$libinit$$0000002C)
    __rt_lib_init_atexit_1                   0x08000177   Thumb Code     0  libinit2.o(.ARM.Collect$$libinit$$0000001B)
    __rt_lib_init_clock_1                    0x08000177   Thumb Code     0  libinit2.o(.ARM.Collect$$libinit$$00000021)
    __rt_lib_init_cpp_1                      0x08000177   Thumb Code     0  libinit2.o(.ARM.Collect$$libinit$$00000032)
    __rt_lib_init_exceptions_1               0x08000177   Thumb Code     0  libinit2.o(.ARM.Collect$$libinit$$00000030)
    __rt_lib_init_fp_trap_1                  0x08000177   Thumb Code     0  libinit2.o(.ARM.Collect$$libinit$$0000001F)
    __rt_lib_init_getenv_1                   0x08000177   Thumb Code     0  libinit2.o(.ARM.Collect$$libinit$$00000023)
    __rt_lib_init_lc_collate_1               0x08000177   Thumb Code     0  libinit2.o(.ARM.Collect$$libinit$$00000011)
    __rt_lib_init_lc_ctype_1                 0x08000177   Thumb Code     0  libinit2.o(.ARM.Collect$$libinit$$00000013)
    __rt_lib_init_lc_monetary_1              0x08000177   Thumb Code     0  libinit2.o(.ARM.Collect$$libinit$$00000015)
    __rt_lib_init_lc_numeric_1               0x08000177   Thumb Code     0  libinit2.o(.ARM.Collect$$libinit$$00000017)
    __rt_lib_init_lc_time_1                  0x08000177   Thumb Code     0  libinit2.o(.ARM.Collect$$libinit$$00000019)
    __rt_lib_init_rand_1                     0x08000177   Thumb Code     0  libinit2.o(.ARM.Collect$$libinit$$0000000E)
    __rt_lib_init_return                     0x08000177   Thumb Code     0  libinit2.o(.ARM.Collect$$libinit$$00000033)
    __rt_lib_init_signal_1                   0x08000177   Thumb Code     0  libinit2.o(.ARM.Collect$$libinit$$0000001D)
    __rt_lib_init_stdio_1                    0x08000177   Thumb Code     0  libinit2.o(.ARM.Collect$$libinit$$00000025)
    __rt_lib_shutdown                        0x08000179   Thumb Code     0  libshutdown.o(.ARM.Collect$$libshutdown$$00000000)
    __rt_lib_shutdown_fp_trap_1              0x0800017b   Thumb Code     0  libshutdown2.o(.ARM.Collect$$libshutdown$$00000006)
    __rt_lib_shutdown_heap_1                 0x0800017b   Thumb Code     0  libshutdown2.o(.ARM.Collect$$libshutdown$$0000000E)
    __rt_lib_shutdown_return                 0x0800017b   Thumb Code     0  libshutdown2.o(.ARM.Collect$$libshutdown$$0000000F)
    __rt_lib_shutdown_signal_1               0x0800017b   Thumb Code     0  libshutdown2.o(.ARM.Collect$$libshutdown$$00000009)
    __rt_lib_shutdown_stdio_1                0x0800017b   Thumb Code     0  libshutdown2.o(.ARM.Collect$$libshutdown$$00000003)
    __rt_lib_shutdown_user_alloc_1           0x0800017b   Thumb Code     0  libshutdown2.o(.ARM.Collect$$libshutdown$$0000000B)
    __rt_entry                               0x0800017d   Thumb Code     0  __rtentry.o(.ARM.Collect$$rtentry$$00000000)
    __rt_entry_presh_1                       0x0800017d   Thumb Code     0  __rtentry2.o(.ARM.Collect$$rtentry$$00000002)
    __rt_entry_sh                            0x0800017d   Thumb Code     0  __rtentry4.o(.ARM.Collect$$rtentry$$00000004)
    __rt_entry_li                            0x08000183   Thumb Code     0  __rtentry2.o(.ARM.Collect$$rtentry$$0000000A)
    __rt_entry_postsh_1                      0x08000183   Thumb Code     0  __rtentry2.o(.ARM.Collect$$rtentry$$00000009)
    __rt_entry_main                          0x08000187   Thumb Code     0  __rtentry2.o(.ARM.Collect$$rtentry$$0000000D)
    __rt_entry_postli_1                      0x08000187   Thumb Code     0  __rtentry2.o(.ARM.Collect$$rtentry$$0000000C)
    __rt_exit                                0x0800018f   Thumb Code     0  rtexit.o(.ARM.Collect$$rtexit$$00000000)
    __rt_exit_ls                             0x08000191   Thumb Code     0  rtexit2.o(.ARM.Collect$$rtexit$$00000003)
    __rt_exit_prels_1                        0x08000191   Thumb Code     0  rtexit2.o(.ARM.Collect$$rtexit$$00000002)
    __rt_exit_exit                           0x08000195   Thumb Code     0  rtexit2.o(.ARM.Collect$$rtexit$$00000004)
    rand                                     0x0800019d   Thumb Code    48  rand.o(.emb_text)
    Reset_Handler                            0x080001d1   Thumb Code     4  startup_stm32f10x_md.o(.text)
    NMI_Handler                              0x080001d5   Thumb Code     2  startup_stm32f10x_md.o(.text)
    HardFault_Handler                        0x080001d7   Thumb Code     2  startup_stm32f10x_md.o(.text)
    MemManage_Handler                        0x080001d9   Thumb Code     2  startup_stm32f10x_md.o(.text)
    BusFault_Handler                         0x080001db   Thumb Code     2  startup_stm32f10x_md.o(.text)
    UsageFault_Handler                       0x080001dd   Thumb Code     2  startup_stm32f10x_md.o(.text)
    SVC_Handler                              0x080001df   Thumb Code     2  startup_stm32f10x_md.o(.text)
    DebugMon_Handler                         0x080001e1   Thumb Code     2  startup_stm32f10x_md.o(.text)
    PendSV_Handler                           0x080001e3   Thumb Code     2  startup_stm32f10x_md.o(.text)
    SysTick_Handler                          0x080001e5   Thumb Code     2  startup_stm32f10x_md.o(.text)
    ADC1_2_IRQHandler                        0x080001e7   Thumb Code     0  startup_stm32f10x_md.o(.text)
    CAN1_RX1_IRQHandler                      0x080001e7   Thumb Code     0  startup_stm32f10x_md.o(.text)
    CAN1_SCE_IRQHandler                      0x080001e7   Thumb Code     0  startup_stm32f10x_md.o(.text)
    DMA1_Channel1_IRQHandler                 0x080001e7   Thumb Code     0  startup_stm32f10x_md.o(.text)
    DMA1_Channel2_IRQHandler                 0x080001e7   Thumb Code     0  startup_stm32f10x_md.o(.text)
    DMA1_Channel3_IRQHandler                 0x080001e7   Thumb Code     0  startup_stm32f10x_md.o(.text)
    DMA1_Channel4_IRQHandler                 0x080001e7   Thumb Code     0  startup_stm32f10x_md.o(.text)
    DMA1_Channel5_IRQHandler                 0x080001e7   Thumb Code     0  startup_stm32f10x_md.o(.text)
    DMA1_Channel6_IRQHandler                 0x080001e7   Thumb Code     0  startup_stm32f10x_md.o(.text)
    DMA1_Channel7_IRQHandler                 0x080001e7   Thumb Code     0  startup_stm32f10x_md.o(.text)
    EXTI0_IRQHandler                         0x080001e7   Thumb Code     0  startup_stm32f10x_md.o(.text)
    EXTI15_10_IRQHandler                     0x080001e7   Thumb Code     0  startup_stm32f10x_md.o(.text)
    EXTI1_IRQHandler                         0x080001e7   Thumb Code     0  startup_stm32f10x_md.o(.text)
    EXTI3_IRQHandler                         0x080001e7   Thumb Code     0  startup_stm32f10x_md.o(.text)
    EXTI4_IRQHandler                         0x080001e7   Thumb Code     0  startup_stm32f10x_md.o(.text)
    EXTI9_5_IRQHandler                       0x080001e7   Thumb Code     0  startup_stm32f10x_md.o(.text)
    FLASH_IRQHandler                         0x080001e7   Thumb Code     0  startup_stm32f10x_md.o(.text)
    I2C1_ER_IRQHandler                       0x080001e7   Thumb Code     0  startup_stm32f10x_md.o(.text)
    I2C1_EV_IRQHandler                       0x080001e7   Thumb Code     0  startup_stm32f10x_md.o(.text)
    I2C2_ER_IRQHandler                       0x080001e7   Thumb Code     0  startup_stm32f10x_md.o(.text)
    I2C2_EV_IRQHandler                       0x080001e7   Thumb Code     0  startup_stm32f10x_md.o(.text)
    PVD_IRQHandler                           0x080001e7   Thumb Code     0  startup_stm32f10x_md.o(.text)
    RCC_IRQHandler                           0x080001e7   Thumb Code     0  startup_stm32f10x_md.o(.text)
    RTCAlarm_IRQHandler                      0x080001e7   Thumb Code     0  startup_stm32f10x_md.o(.text)
    RTC_IRQHandler                           0x080001e7   Thumb Code     0  startup_stm32f10x_md.o(.text)
    SPI1_IRQHandler                          0x080001e7   Thumb Code     0  startup_stm32f10x_md.o(.text)
    SPI2_IRQHandler                          0x080001e7   Thumb Code     0  startup_stm32f10x_md.o(.text)
    TAMPER_IRQHandler                        0x080001e7   Thumb Code     0  startup_stm32f10x_md.o(.text)
    TIM1_BRK_IRQHandler                      0x080001e7   Thumb Code     0  startup_stm32f10x_md.o(.text)
    TIM1_CC_IRQHandler                       0x080001e7   Thumb Code     0  startup_stm32f10x_md.o(.text)
    TIM1_TRG_COM_IRQHandler                  0x080001e7   Thumb Code     0  startup_stm32f10x_md.o(.text)
    TIM1_UP_IRQHandler                       0x080001e7   Thumb Code     0  startup_stm32f10x_md.o(.text)
    TIM2_IRQHandler                          0x080001e7   Thumb Code     0  startup_stm32f10x_md.o(.text)
    TIM4_IRQHandler                          0x080001e7   Thumb Code     0  startup_stm32f10x_md.o(.text)
    USART1_IRQHandler                        0x080001e7   Thumb Code     0  startup_stm32f10x_md.o(.text)
    USART2_IRQHandler                        0x080001e7   Thumb Code     0  startup_stm32f10x_md.o(.text)
    USART3_IRQHandler                        0x080001e7   Thumb Code     0  startup_stm32f10x_md.o(.text)
    USBWakeUp_IRQHandler                     0x080001e7   Thumb Code     0  startup_stm32f10x_md.o(.text)
    USB_HP_CAN1_TX_IRQHandler                0x080001e7   Thumb Code     0  startup_stm32f10x_md.o(.text)
    USB_LP_CAN1_RX0_IRQHandler               0x080001e7   Thumb Code     0  startup_stm32f10x_md.o(.text)
    WWDG_IRQHandler                          0x080001e7   Thumb Code     0  startup_stm32f10x_md.o(.text)
    __user_initial_stackheap                 0x080001e9   Thumb Code     0  startup_stm32f10x_md.o(.text)
    __use_no_semihosting                     0x08000205   Thumb Code     2  use_no_semi_2.o(.text)
    __2printf                                0x08000209   Thumb Code    20  noretval__2printf.o(.text)
    __printf                                 0x08000221   Thumb Code   104  __printf.o(.text)
    _printf_int_dec                          0x08000289   Thumb Code   104  _printf_dec.o(.text)
    _printf_int_hex                          0x08000301   Thumb Code    84  _printf_hex_int.o(.text)
    _printf_longlong_hex                     0x08000301   Thumb Code     0  _printf_hex_int.o(.text)
    srand                                    0x08000359   Thumb Code    42  rand.o(.text)
    _rand_init                               0x08000383   Thumb Code     4  rand.o(.text)
    memcmp                                   0x08000395   Thumb Code    88  memcmp.o(.text)
    __aeabi_memcpy                           0x080003ed   Thumb Code     0  rt_memcpy_v6.o(.text)
    __rt_memcpy                              0x080003ed   Thumb Code   138  rt_memcpy_v6.o(.text)
    _memcpy_lastbytes                        0x08000453   Thumb Code     0  rt_memcpy_v6.o(.text)
    __aeabi_memclr                           0x08000477   Thumb Code     0  rt_memclr.o(.text)
    __rt_memclr                              0x08000477   Thumb Code    68  rt_memclr.o(.text)
    _memset                                  0x0800047b   Thumb Code     0  rt_memclr.o(.text)
    __aeabi_memclr4                          0x080004bb   Thumb Code     0  rt_memclr_w.o(.text)
    __aeabi_memclr8                          0x080004bb   Thumb Code     0  rt_memclr_w.o(.text)
    __rt_memclr_w                            0x080004bb   Thumb Code    78  rt_memclr_w.o(.text)
    _memset_w                                0x080004bf   Thumb Code     0  rt_memclr_w.o(.text)
    __use_two_region_memory                  0x08000509   Thumb Code     2  heapauxi.o(.text)
    __rt_heap_escrow$2region                 0x0800050b   Thumb Code     2  heapauxi.o(.text)
    __rt_heap_expand$2region                 0x0800050d   Thumb Code     2  heapauxi.o(.text)
    __I$use$semihosting                      0x0800050f   Thumb Code     0  use_no_semi.o(.text)
    __use_no_semihosting_swi                 0x0800050f   Thumb Code     2  use_no_semi.o(.text)
    _printf_int_common                       0x08000511   Thumb Code   178  _printf_intcommon.o(.text)
    _printf_char_file                        0x080005c5   Thumb Code    32  _printf_char_file.o(.text)
    __aeabi_memcpy4                          0x080005e9   Thumb Code     0  rt_memcpy_w.o(.text)
    __aeabi_memcpy8                          0x080005e9   Thumb Code     0  rt_memcpy_w.o(.text)
    __rt_memcpy_w                            0x080005e9   Thumb Code   100  rt_memcpy_w.o(.text)
    _memcpy_lastbytes_aligned                0x08000631   Thumb Code     0  rt_memcpy_w.o(.text)
    _printf_char_common                      0x08000657   Thumb Code    32  _printf_char_common.o(.text)
    ferror                                   0x0800067d   Thumb Code     8  ferror.o(.text)
    __user_setup_stackheap                   0x08000685   Thumb Code    74  sys_stackheap_outer.o(.text)
    exit                                     0x080006cf   Thumb Code    12  exit.o(.text)
    __user_libspace                          0x080006dd   Thumb Code     8  libspace.o(.text)
    __user_perproc_libspace                  0x080006dd   Thumb Code     0  libspace.o(.text)
    __user_perthread_libspace                0x080006dd   Thumb Code     0  libspace.o(.text)
    EXTI2_IRQHandler                         0x080006e5   Thumb Code    10  drv_si4463.o(i.EXTI2_IRQHandler)
    EXTI_ClearITPendingBit                   0x080006f1   Thumb Code     6  stm32f10x_exti.o(i.EXTI_ClearITPendingBit)
    FLASH_ErasePage                          0x080006fd   Thumb Code    76  stm32f10x_flash.o(i.FLASH_ErasePage)
    FLASH_GetStatus                          0x0800074d   Thumb Code    48  stm32f10x_flash.o(i.FLASH_GetStatus)
    FLASH_Lock                               0x08000781   Thumb Code    14  stm32f10x_flash.o(i.FLASH_Lock)
    FLASH_ProgramHalfWord                    0x08000795   Thumb Code    64  stm32f10x_flash.o(i.FLASH_ProgramHalfWord)
    FLASH_Unlock                             0x080007d9   Thumb Code    12  stm32f10x_flash.o(i.FLASH_Unlock)
    FLASH_WaitForLastOperation               0x080007f1   Thumb Code    42  stm32f10x_flash.o(i.FLASH_WaitForLastOperation)
    GPIO_Init                                0x0800081b   Thumb Code   278  stm32f10x_gpio.o(i.GPIO_Init)
    GPIO_ResetBits                           0x08000931   Thumb Code     4  stm32f10x_gpio.o(i.GPIO_ResetBits)
    GPIO_SetBits                             0x08000935   Thumb Code     4  stm32f10x_gpio.o(i.GPIO_SetBits)
    NVIC_PriorityGroupConfig                 0x08000939   Thumb Code    10  misc.o(i.NVIC_PriorityGroupConfig)
    RCC_APB1PeriphClockCmd                   0x0800094d   Thumb Code    26  stm32f10x_rcc.o(i.RCC_APB1PeriphClockCmd)
    RCC_APB1PeriphResetCmd                   0x0800096d   Thumb Code    26  stm32f10x_rcc.o(i.RCC_APB1PeriphResetCmd)
    RCC_APB2PeriphClockCmd                   0x0800098d   Thumb Code    26  stm32f10x_rcc.o(i.RCC_APB2PeriphClockCmd)
    RCC_APB2PeriphResetCmd                   0x080009ad   Thumb Code    26  stm32f10x_rcc.o(i.RCC_APB2PeriphResetCmd)
    RCC_GetClocksFreq                        0x080009cd   Thumb Code   192  stm32f10x_rcc.o(i.RCC_GetClocksFreq)
    SPI_Cmd                                  0x08000aa1   Thumb Code    24  stm32f10x_spi.o(i.SPI_Cmd)
    SPI_I2S_DeInit                           0x08000ab9   Thumb Code    88  stm32f10x_spi.o(i.SPI_I2S_DeInit)
    SPI_I2S_GetFlagStatus                    0x08000b15   Thumb Code    18  stm32f10x_spi.o(i.SPI_I2S_GetFlagStatus)
    SPI_Init                                 0x08000b27   Thumb Code    60  stm32f10x_spi.o(i.SPI_Init)
    STMFLASH_Read                            0x08000b63   Thumb Code    34  stm32_flash.o(i.STMFLASH_Read)
    STMFLASH_ReadHalfWord                    0x08000b85   Thumb Code     6  stm32_flash.o(i.STMFLASH_ReadHalfWord)
    STMFLASH_Write                           0x08000b8d   Thumb Code   222  stm32_flash.o(i.STMFLASH_Write)
    STMFLASH_Write_NoCheck                   0x08000c75   Thumb Code    38  stm32_flash.o(i.STMFLASH_Write_NoCheck)
    TIM3_IRQHandler                          0x08000c9d   Thumb Code   128  drv_delay.o(i.TIM3_IRQHandler)
    TIM_ClearFlag                            0x08000d25   Thumb Code     6  stm32f10x_tim.o(i.TIM_ClearFlag)
    TIM_Cmd                                  0x08000d2b   Thumb Code    24  stm32f10x_tim.o(i.TIM_Cmd)
    TIM_GetFlagStatus                        0x08000d43   Thumb Code    18  stm32f10x_tim.o(i.TIM_GetFlagStatus)
    TIM_SetCounter                           0x08000d55   Thumb Code     4  stm32f10x_tim.o(i.TIM_SetCounter)
    TIM_TimeBaseInit                         0x08000d59   Thumb Code    50  stm32f10x_tim.o(i.TIM_TimeBaseInit)
    USART_Cmd                                0x08000d95   Thumb Code    24  stm32f10x_usart.o(i.USART_Cmd)
    USART_DeInit                             0x08000dad   Thumb Code   146  stm32f10x_usart.o(i.USART_DeInit)
    USART_GetFlagStatus                      0x08000e49   Thumb Code    18  stm32f10x_usart.o(i.USART_GetFlagStatus)
    USART_Init                               0x08000e5d   Thumb Code   150  stm32f10x_usart.o(i.USART_Init)
    loop()                                   0x08000ef9   Thumb Code    16  main.o(i._Z4loopv)
    setup()                                  0x08000f0d   Thumb Code   232  main.o(i._Z5setupv)
    WIRELESS_DATA_PROCESS::host_login(unsigned) 0x08001071   Thumb Code   328  data_process.o(i._ZN21WIRELESS_DATA_PROCESS10host_loginEj)
    WIRELESS_DATA_PROCESS::host_login()      0x0800123d   Thumb Code   312  data_process.o(i._ZN21WIRELESS_DATA_PROCESS10host_loginEv)
    WIRELESS_DATA_PROCESS::host_logout()     0x080013f9   Thumb Code   188  data_process.o(i._ZN21WIRELESS_DATA_PROCESS11host_logoutEv)
    WIRELESS_DATA_PROCESS::device_login()    0x08001541   Thumb Code   300  data_process.o(i._ZN21WIRELESS_DATA_PROCESS12device_loginEv)
    WIRELESS_DATA_PROCESS::process_loop()    0x080016d9   Thumb Code    30  data_process.o(i._ZN21WIRELESS_DATA_PROCESS12process_loopEv)
    WIRELESS_DATA_PROCESS::check_machine(unsigned) 0x08001701   Thumb Code   134  data_process.o(i._ZN21WIRELESS_DATA_PROCESS13check_machineEj)
    WIRELESS_DATA_PROCESS::check_machine()   0x080017e9   Thumb Code   166  data_process.o(i._ZN21WIRELESS_DATA_PROCESS13check_machineEv)
    WIRELESS_DATA_PROCESS::device_logout()   0x080018f5   Thumb Code   150  data_process.o(i._ZN21WIRELESS_DATA_PROCESS13device_logoutEv)
    WIRELESS_DATA_PROCESS::process_setup(unsigned char) 0x080019ed   Thumb Code   212  data_process.o(i._ZN21WIRELESS_DATA_PROCESS13process_setupEh)
    WIRELESS_DATA_PROCESS::test_transfer()   0x08001b01   Thumb Code   316  data_process.o(i._ZN21WIRELESS_DATA_PROCESS13test_transferEv)
    WIRELESS_DATA_PROCESS::calc_check_sum(unsigned char*, unsigned char) 0x08001c9d   Thumb Code    28  data_process.o(i._ZN21WIRELESS_DATA_PROCESS14calc_check_sumEPhh)
    WIRELESS_DATA_PROCESS::host_add_device() 0x08001cb9   Thumb Code   142  data_process.o(i._ZN21WIRELESS_DATA_PROCESS15host_add_deviceEv)
    WIRELESS_DATA_PROCESS::process_command() 0x08001d95   Thumb Code   458  data_process.o(i._ZN21WIRELESS_DATA_PROCESS15process_commandEv)
    WIRELESS_DATA_PROCESS::process_receive() 0x08002029   Thumb Code   400  data_process.o(i._ZN21WIRELESS_DATA_PROCESS15process_receiveEv)
    WIRELESS_DATA_PROCESS::function_process() 0x08002221   Thumb Code   140  data_process.o(i._ZN21WIRELESS_DATA_PROCESS16function_processEv)
    WIRELESS_DATA_PROCESS::process_response(unsigned char) 0x080022e1   Thumb Code   652  data_process.o(i._ZN21WIRELESS_DATA_PROCESS16process_responseEh)
    WIRELESS_DATA_PROCESS::process_transfer() 0x080025ed   Thumb Code   680  data_process.o(i._ZN21WIRELESS_DATA_PROCESS16process_transferEv)
    WIRELESS_DATA_PROCESS::set_machine_info() 0x08002919   Thumb Code   178  data_process.o(i._ZN21WIRELESS_DATA_PROCESS16set_machine_infoEv)
    WIRELESS_DATA_PROCESS::wait_wireless_ack(unsigned short) 0x08002a45   Thumb Code    94  data_process.o(i._ZN21WIRELESS_DATA_PROCESS17wait_wireless_ackEt)
    WIRELESS_DATA_PROCESS::wait_wireless_ack(unsigned short, unsigned) 0x08002acd   Thumb Code   144  data_process.o(i._ZN21WIRELESS_DATA_PROCESS17wait_wireless_ackEtj)
    WIRELESS_DATA_PROCESS::check_machine_info() 0x08002b95   Thumb Code   172  data_process.o(i._ZN21WIRELESS_DATA_PROCESS18check_machine_infoEv)
    WIRELESS_DATA_PROCESS::test_device_process() 0x08002ca9   Thumb Code   236  data_process.o(i._ZN21WIRELESS_DATA_PROCESS19test_device_processEv)
    WIRELESS_DATA_PROCESS::cryption_data_process(unsigned char*, unsigned char, unsigned char*) 0x08002e15   Thumb Code    62  data_process.o(i._ZN21WIRELESS_DATA_PROCESS21cryption_data_processEPhhS0_)
    WIRELESS_DATA_PROCESS::clear_save_machine_data() 0x08002e5d   Thumb Code   124  data_process.o(i._ZN21WIRELESS_DATA_PROCESS23clear_save_machine_dataEv)
    WIRELESS_DATA_PROCESS::login_save_machine_info() 0x08002f01   Thumb Code    32  data_process.o(i._ZN21WIRELESS_DATA_PROCESS23login_save_machine_infoEv)
    WIRELESS_DATA_PROCESS::test_smart_lock_process() 0x08002f2d   Thumb Code   174  data_process.o(i._ZN21WIRELESS_DATA_PROCESS23test_smart_lock_processEv)
    WIRELESS_DATA_PROCESS::crc16(const void*, unsigned short) 0x08003081   Thumb Code    60  data_process.o(i._ZN21WIRELESS_DATA_PROCESS5crc16EPKvt)
    SI446X::SI446x_Reset()                   0x080030bd   Thumb Code    52  drv_si4463.o(i._ZN6SI446X12SI446x_ResetEv)
    SI446X::SI446x_setup()                   0x080030f5   Thumb Code   194  drv_si4463.o(i._ZN6SI446X12SI446x_setupEv)
    SI446X::SI446x_Power_Up(unsigned)        0x080031dd   Thumb Code    66  drv_si4463.o(i._ZN6SI446X15SI446x_Power_UpEj)
    SI446X::SI446x_Start_Rx(unsigned char, unsigned char, unsigned short, unsigned char, unsigned char, unsigned char) 0x0800321f   Thumb Code    90  drv_si4463.o(i._ZN6SI446X15SI446x_Start_RxEhhthhh)
    SI446X::SI446x_Wait_Cts()                0x08003279   Thumb Code    74  drv_si4463.o(i._ZN6SI446X15SI446x_Wait_CtsEv)
    SI446X::si446x_get_rssi()                0x080032c9   Thumb Code    18  drv_si4463.o(i._ZN6SI446X15si446x_get_rssiEv)
    SI446X::SI446x_Gpio_Init()               0x080032dd   Thumb Code   124  drv_si4463.o(i._ZN6SI446X16SI446x_Gpio_InitEv)
    SI446X::SI446x_Set_Power(unsigned char)  0x08003361   Thumb Code    20  drv_si4463.o(i._ZN6SI446X16SI446x_Set_PowerEh)
    SI446X::SI446x_Write_Cmds(unsigned char*, unsigned char) 0x08003375   Thumb Code    60  drv_si4463.o(i._ZN6SI446X17SI446x_Write_CmdsEPhh)
    SI446X::SI446x_Config_Gpio(unsigned char, unsigned char, unsigned char, unsigned char, unsigned char, unsigned char, unsigned char) 0x080033b5   Thumb Code    86  drv_si4463.o(i._ZN6SI446X18SI446x_Config_GpioEhhhhhhh)
    SI446X::SI446x_Config_Init()             0x0800340d   Thumb Code   216  drv_si4463.o(i._ZN6SI446X18SI446x_Config_InitEv)
    SI446X::SI446x_Read_Packet(unsigned char*) 0x080034e9   Thumb Code    86  drv_si4463.o(i._ZN6SI446X18SI446x_Read_PacketEPh)
    SI446X::SI446x_Send_Packet(unsigned char*, unsigned char, unsigned char, unsigned char) 0x08003545   Thumb Code   128  drv_si4463.o(i._ZN6SI446X18SI446x_Send_PacketEPhhhh)
    SI446X::SI446x_Reset_RxFifo()            0x080035c9   Thumb Code    32  drv_si4463.o(i._ZN6SI446X19SI446x_Reset_RxFifoEv)
    SI446X::SI446x_Reset_TxFifo()            0x080035e9   Thumb Code    32  drv_si4463.o(i._ZN6SI446X19SI446x_Reset_TxFifoEv)
    SI446X::SI446x_Change_Status(unsigned char) 0x08003609   Thumb Code    32  drv_si4463.o(i._ZN6SI446X20SI446x_Change_StatusEh)
    SI446X::SI446x_Read_Response(unsigned char*, unsigned char) 0x08003629   Thumb Code    68  drv_si4463.o(i._ZN6SI446X20SI446x_Read_ResponseEPhh)
    SI446X::si446x_recalibration()           0x08003671   Thumb Code   106  drv_si4463.o(i._ZN6SI446X20si446x_recalibrationEv)
    SI446X::SI446x_Set_Property_1(SI446X_PROPERTY, unsigned char) 0x080036ed   Thumb Code    54  drv_si4463.o(i._ZN6SI446X21SI446x_Set_Property_1E15SI446X_PROPERTYh)
    SI446X::SI446x_Get_Modem_Status(unsigned char*) 0x08003723   Thumb Code    36  drv_si4463.o(i._ZN6SI446X23SI446x_Get_Modem_StatusEPh)
    SI446X::SI446x_Get_Device_Status()       0x08003747   Thumb Code    44  drv_si4463.o(i._ZN6SI446X24SI446x_Get_Device_StatusEv)
    SI446X::SI446x_PH_Interrupt_Status(unsigned char*) 0x08003773   Thumb Code    36  drv_si4463.o(i._ZN6SI446X26SI446x_PH_Interrupt_StatusEPh)
    SI446X::SI446x_Get_Part_Informatoin(unsigned char*) 0x08003797   Thumb Code    32  drv_si4463.o(i._ZN6SI446X27SI446x_Get_Part_InformatoinEPh)
    SI446X::read_IRQ()                       0x080037b9   Thumb Code   172  drv_si4463.o(i._ZN6SI446X8read_IRQEv)
    _sys_exit                                0x08003881   Thumb Code     4  drv_uart.o(i._sys_exit)
    debug_tx_bytes                           0x08003885   Thumb Code    50  drv_uart.o(i.debug_tx_bytes)
    debug_tx_bytes_printf                    0x080038c1   Thumb Code    36  drv_uart.o(i.debug_tx_bytes_printf)
    drv_delay_ms                             0x08003907   Thumb Code    80  drv_delay.o(i.drv_delay_ms)
    drv_delay_setup                          0x08003959   Thumb Code   138  drv_delay.o(i.drv_delay_setup)
    drv_delay_us                             0x080039e9   Thumb Code    68  drv_delay.o(i.drv_delay_us)
    drv_led_flashing                         0x08003a2d   Thumb Code    30  drv_led.o(i.drv_led_flashing)
    drv_led_setup                            0x08003a55   Thumb Code    74  drv_led.o(i.drv_led_setup)
    drv_spi_init                             0x08003aa9   Thumb Code   204  drv_spi.o(i.drv_spi_init)
    drv_spi_read_write_byte                  0x08003b7d   Thumb Code    90  drv_spi.o(i.drv_spi_read_write_byte)
    drv_uart_setup                           0x08003bdd   Thumb Code   210  drv_uart.o(i.drv_uart_setup)
    drv_uart_tx_bytes                        0x08003cc5   Thumb Code    44  drv_uart.o(i.drv_uart_tx_bytes)
    fputc                                    0x08003cf5   Thumb Code    24  drv_uart.o(i.fputc)
    main                                     0x08003d11   Thumb Code    12  main.o(i.main)
    serial_cmd_Loop                          0x08003d1d   Thumb Code   180  drv_uart.o(i.serial_cmd_Loop)
    Region$$Table$$Base                      0x08003fbc   Number         0  anon$$obj.o(Region$$Table)
    Region$$Table$$Limit                     0x08003fdc   Number         0  anon$$obj.o(Region$$Table)
    si4463                                   0x20000000   Data           4  main.o(.data)
    system_count                             0x20000004   Data           4  main.o(.data)
    __stdout                                 0x20000008   Data           4  drv_uart.o(.data)
    rec_ptr                                  0x2000000c   Data           1  drv_uart.o(.data)
    si4463_data_process                      0x2000000e   Data           6  data_process.o(.data)
    gTimer                                   0x20000014   Data           2  data_process.o(.data)
    command_handle                           0x20000016   Data           2  data_process.o(.data)
    save_machine_num                         0x20000018   Data           2  data_process.o(.data)
    key_value                                0x2000001a   Data           1  data_process.o(.data)
    last_lock_data                           0x2000001b   Data           2  data_process.o(.data)
    PA_TABLE                                 0x2000001e   Data           8  drv_si4463.o(.data)
    str_Signal_strength                      0x20000026   Data          64  drv_si4463.o(.data)
    Signal_strength                          0x20000066   Data           1  drv_si4463.o(.data)
    rssi_thresh_average                      0x20000068   Data           2  drv_si4463.o(.data)
    cmd_buf                                  0x20000080   Data          32  drv_uart.o(.bss)
    machine_info                             0x200000a0   Data        1600  data_process.o(.bss)
    si4463_txrx                              0x200006e0   Data          85  data_process.o(.bss)
    STMFLASH_BUF                             0x20000736   Data        1024  stm32_flash.o(.bss)
    _random_number_data                      0x20000b38   Data         228  rand.o(.bss)
    __libspace_start                         0x20000c1c   Data          96  libspace.o(.bss)
    __temporary_stack_top$libspace           0x20000c7c   Data           0  libspace.o(.bss)



==============================================================================

Memory Map of the image

  Image Entry point : 0x080000ed

  Load Region LR_IROM1 (Base: 0x08000000, Size: 0x0000405c, Max: 0x00010000, ABSOLUTE)

    Execution Region ER_IROM1 (Base: 0x08000000, Size: 0x00003fdc, Max: 0x00010000, ABSOLUTE)

    Base Addr    Size         Type   Attr      Idx    E Section Name        Object

    0x08000000   0x000000ec   Data   RO         2543    RESET               startup_stm32f10x_md.o
    0x080000ec   0x00000008   Code   RO         2619  * !!!main             c_w.l(__main.o)
    0x080000f4   0x00000034   Code   RO         2788    !!!scatter          c_w.l(__scatter.o)
    0x08000128   0x0000001a   Code   RO         2790    !!handler_copy      c_w.l(__scatter_copy.o)
    0x08000142   0x00000002   PAD
    0x08000144   0x0000001c   Code   RO         2792    !!handler_zi        c_w.l(__scatter_zi.o)
    0x08000160   0x00000000   Code   RO         2603    .ARM.Collect$$_printf_percent$$00000000  c_w.l(_printf_percent.o)
    0x08000160   0x00000006   Code   RO         2602    .ARM.Collect$$_printf_percent$$00000009  c_w.l(_printf_d.o)
    0x08000166   0x00000006   Code   RO         2601    .ARM.Collect$$_printf_percent$$0000000C  c_w.l(_printf_x.o)
    0x0800016c   0x00000004   Code   RO         2628    .ARM.Collect$$_printf_percent$$00000017  c_w.l(_printf_percent_end.o)
    0x08000170   0x00000002   Code   RO         2716    .ARM.Collect$$libinit$$00000000  c_w.l(libinit.o)
    0x08000172   0x00000000   Code   RO         2632    .ARM.Collect$$libinit$$00000002  c_w.l(libinit2.o)
    0x08000172   0x00000000   Code   RO         2634    .ARM.Collect$$libinit$$00000004  c_w.l(libinit2.o)
    0x08000172   0x00000000   Code   RO         2637    .ARM.Collect$$libinit$$0000000A  c_w.l(libinit2.o)
    0x08000172   0x00000000   Code   RO         2639    .ARM.Collect$$libinit$$0000000C  c_w.l(libinit2.o)
    0x08000172   0x00000004   Code   RO         2640    .ARM.Collect$$libinit$$0000000D  c_w.l(libinit2.o)
    0x08000176   0x00000000   Code   RO         2641    .ARM.Collect$$libinit$$0000000E  c_w.l(libinit2.o)
    0x08000176   0x00000000   Code   RO         2644    .ARM.Collect$$libinit$$00000011  c_w.l(libinit2.o)
    0x08000176   0x00000000   Code   RO         2646    .ARM.Collect$$libinit$$00000013  c_w.l(libinit2.o)
    0x08000176   0x00000000   Code   RO         2648    .ARM.Collect$$libinit$$00000015  c_w.l(libinit2.o)
    0x08000176   0x00000000   Code   RO         2650    .ARM.Collect$$libinit$$00000017  c_w.l(libinit2.o)
    0x08000176   0x00000000   Code   RO         2652    .ARM.Collect$$libinit$$00000019  c_w.l(libinit2.o)
    0x08000176   0x00000000   Code   RO         2654    .ARM.Collect$$libinit$$0000001B  c_w.l(libinit2.o)
    0x08000176   0x00000000   Code   RO         2656    .ARM.Collect$$libinit$$0000001D  c_w.l(libinit2.o)
    0x08000176   0x00000000   Code   RO         2658    .ARM.Collect$$libinit$$0000001F  c_w.l(libinit2.o)
    0x08000176   0x00000000   Code   RO         2660    .ARM.Collect$$libinit$$00000021  c_w.l(libinit2.o)
    0x08000176   0x00000000   Code   RO         2662    .ARM.Collect$$libinit$$00000023  c_w.l(libinit2.o)
    0x08000176   0x00000000   Code   RO         2664    .ARM.Collect$$libinit$$00000025  c_w.l(libinit2.o)
    0x08000176   0x00000000   Code   RO         2668    .ARM.Collect$$libinit$$0000002C  c_w.l(libinit2.o)
    0x08000176   0x00000000   Code   RO         2670    .ARM.Collect$$libinit$$0000002E  c_w.l(libinit2.o)
    0x08000176   0x00000000   Code   RO         2672    .ARM.Collect$$libinit$$00000030  c_w.l(libinit2.o)
    0x08000176   0x00000000   Code   RO         2674    .ARM.Collect$$libinit$$00000032  c_w.l(libinit2.o)
    0x08000176   0x00000002   Code   RO         2675    .ARM.Collect$$libinit$$00000033  c_w.l(libinit2.o)
    0x08000178   0x00000002   Code   RO         2750    .ARM.Collect$$libshutdown$$00000000  c_w.l(libshutdown.o)
    0x0800017a   0x00000000   Code   RO         2757    .ARM.Collect$$libshutdown$$00000003  c_w.l(libshutdown2.o)
    0x0800017a   0x00000000   Code   RO         2760    .ARM.Collect$$libshutdown$$00000006  c_w.l(libshutdown2.o)
    0x0800017a   0x00000000   Code   RO         2763    .ARM.Collect$$libshutdown$$00000009  c_w.l(libshutdown2.o)
    0x0800017a   0x00000000   Code   RO         2765    .ARM.Collect$$libshutdown$$0000000B  c_w.l(libshutdown2.o)
    0x0800017a   0x00000000   Code   RO         2768    .ARM.Collect$$libshutdown$$0000000E  c_w.l(libshutdown2.o)
    0x0800017a   0x00000002   Code   RO         2769    .ARM.Collect$$libshutdown$$0000000F  c_w.l(libshutdown2.o)
    0x0800017c   0x00000000   Code   RO         2623    .ARM.Collect$$rtentry$$00000000  c_w.l(__rtentry.o)
    0x0800017c   0x00000000   Code   RO         2677    .ARM.Collect$$rtentry$$00000002  c_w.l(__rtentry2.o)
    0x0800017c   0x00000006   Code   RO         2689    .ARM.Collect$$rtentry$$00000004  c_w.l(__rtentry4.o)
    0x08000182   0x00000000   Code   RO         2679    .ARM.Collect$$rtentry$$00000009  c_w.l(__rtentry2.o)
    0x08000182   0x00000004   Code   RO         2680    .ARM.Collect$$rtentry$$0000000A  c_w.l(__rtentry2.o)
    0x08000186   0x00000000   Code   RO         2682    .ARM.Collect$$rtentry$$0000000C  c_w.l(__rtentry2.o)
    0x08000186   0x00000008   Code   RO         2683    .ARM.Collect$$rtentry$$0000000D  c_w.l(__rtentry2.o)
    0x0800018e   0x00000002   Code   RO         2722    .ARM.Collect$$rtexit$$00000000  c_w.l(rtexit.o)
    0x08000190   0x00000000   Code   RO         2732    .ARM.Collect$$rtexit$$00000002  c_w.l(rtexit2.o)
    0x08000190   0x00000004   Code   RO         2733    .ARM.Collect$$rtexit$$00000003  c_w.l(rtexit2.o)
    0x08000194   0x00000006   Code   RO         2734    .ARM.Collect$$rtexit$$00000004  c_w.l(rtexit2.o)
    0x0800019a   0x00000002   PAD
    0x0800019c   0x00000034   Code   RO         2604    .emb_text           c_w.l(rand.o)
    0x080001d0   0x00000034   Code   RO         2544    .text               startup_stm32f10x_md.o
    0x08000204   0x00000002   Code   RO         2550    .text               c_w.l(use_no_semi_2.o)
    0x08000206   0x00000002   PAD
    0x08000208   0x00000018   Code   RO         2554    .text               c_w.l(noretval__2printf.o)
    0x08000220   0x00000068   Code   RO         2556    .text               c_w.l(__printf.o)
    0x08000288   0x00000078   Code   RO         2558    .text               c_w.l(_printf_dec.o)
    0x08000300   0x00000058   Code   RO         2563    .text               c_w.l(_printf_hex_int.o)
    0x08000358   0x0000003c   Code   RO         2605    .text               c_w.l(rand.o)
    0x08000394   0x00000058   Code   RO         2609    .text               c_w.l(memcmp.o)
    0x080003ec   0x0000008a   Code   RO         2611    .text               c_w.l(rt_memcpy_v6.o)
    0x08000476   0x00000044   Code   RO         2613    .text               c_w.l(rt_memclr.o)
    0x080004ba   0x0000004e   Code   RO         2615    .text               c_w.l(rt_memclr_w.o)
    0x08000508   0x00000006   Code   RO         2617    .text               c_w.l(heapauxi.o)
    0x0800050e   0x00000002   Code   RO         2621    .text               c_w.l(use_no_semi.o)
    0x08000510   0x000000b2   Code   RO         2624    .text               c_w.l(_printf_intcommon.o)
    0x080005c2   0x00000002   PAD
    0x080005c4   0x00000024   Code   RO         2626    .text               c_w.l(_printf_char_file.o)
    0x080005e8   0x00000064   Code   RO         2629    .text               c_w.l(rt_memcpy_w.o)
    0x0800064c   0x00000030   Code   RO         2691    .text               c_w.l(_printf_char_common.o)
    0x0800067c   0x00000008   Code   RO         2693    .text               c_w.l(ferror.o)
    0x08000684   0x0000004a   Code   RO         2701    .text               c_w.l(sys_stackheap_outer.o)
    0x080006ce   0x0000000c   Code   RO         2705    .text               c_w.l(exit.o)
    0x080006da   0x00000002   PAD
    0x080006dc   0x00000008   Code   RO         2719    .text               c_w.l(libspace.o)
    0x080006e4   0x0000000a   Code   RO          610    i.EXTI2_IRQHandler  drv_si4463.o
    0x080006ee   0x00000002   PAD
    0x080006f0   0x0000000c   Code   RO          971    i.EXTI_ClearITPendingBit  stm32f10x_exti.o
    0x080006fc   0x00000050   Code   RO         2385    i.FLASH_ErasePage   stm32f10x_flash.o
    0x0800074c   0x00000034   Code   RO         2389    i.FLASH_GetStatus   stm32f10x_flash.o
    0x08000780   0x00000014   Code   RO         2394    i.FLASH_Lock        stm32f10x_flash.o
    0x08000794   0x00000044   Code   RO         2396    i.FLASH_ProgramHalfWord  stm32f10x_flash.o
    0x080007d8   0x00000018   Code   RO         2401    i.FLASH_Unlock      stm32f10x_flash.o
    0x080007f0   0x0000002a   Code   RO         2403    i.FLASH_WaitForLastOperation  stm32f10x_flash.o
    0x0800081a   0x00000116   Code   RO         1029    i.GPIO_Init         stm32f10x_gpio.o
    0x08000930   0x00000004   Code   RO         1036    i.GPIO_ResetBits    stm32f10x_gpio.o
    0x08000934   0x00000004   Code   RO         1037    i.GPIO_SetBits      stm32f10x_gpio.o
    0x08000938   0x00000014   Code   RO          908    i.NVIC_PriorityGroupConfig  misc.o
    0x0800094c   0x00000020   Code   RO         2183    i.RCC_APB1PeriphClockCmd  stm32f10x_rcc.o
    0x0800096c   0x00000020   Code   RO         2184    i.RCC_APB1PeriphResetCmd  stm32f10x_rcc.o
    0x0800098c   0x00000020   Code   RO         2185    i.RCC_APB2PeriphClockCmd  stm32f10x_rcc.o
    0x080009ac   0x00000020   Code   RO         2186    i.RCC_APB2PeriphResetCmd  stm32f10x_rcc.o
    0x080009cc   0x000000d4   Code   RO         2193    i.RCC_GetClocksFreq  stm32f10x_rcc.o
    0x08000aa0   0x00000018   Code   RO         1326    i.SPI_Cmd           stm32f10x_spi.o
    0x08000ab8   0x0000005c   Code   RO         1333    i.SPI_I2S_DeInit    stm32f10x_spi.o
    0x08000b14   0x00000012   Code   RO         1334    i.SPI_I2S_GetFlagStatus  stm32f10x_spi.o
    0x08000b26   0x0000003c   Code   RO         1339    i.SPI_Init          stm32f10x_spi.o
    0x08000b62   0x00000022   Code   RO          865    i.STMFLASH_Read     stm32_flash.o
    0x08000b84   0x00000006   Code   RO          866    i.STMFLASH_ReadHalfWord  stm32_flash.o
    0x08000b8a   0x00000002   PAD
    0x08000b8c   0x000000e8   Code   RO          867    i.STMFLASH_Write    stm32_flash.o
    0x08000c74   0x00000026   Code   RO          868    i.STMFLASH_Write_NoCheck  stm32_flash.o
    0x08000c9a   0x00000002   PAD
    0x08000c9c   0x00000088   Code   RO          121    i.TIM3_IRQHandler   drv_delay.o
    0x08000d24   0x00000006   Code   RO         1475    i.TIM_ClearFlag     stm32f10x_tim.o
    0x08000d2a   0x00000018   Code   RO         1481    i.TIM_Cmd           stm32f10x_tim.o
    0x08000d42   0x00000012   Code   RO         1501    i.TIM_GetFlagStatus  stm32f10x_tim.o
    0x08000d54   0x00000004   Code   RO         1546    i.TIM_SetCounter    stm32f10x_tim.o
    0x08000d58   0x0000003c   Code   RO         1552    i.TIM_TimeBaseInit  stm32f10x_tim.o
    0x08000d94   0x00000018   Code   RO         2017    i.USART_Cmd         stm32f10x_usart.o
    0x08000dac   0x0000009c   Code   RO         2019    i.USART_DeInit      stm32f10x_usart.o
    0x08000e48   0x00000012   Code   RO         2020    i.USART_GetFlagStatus  stm32f10x_usart.o
    0x08000e5a   0x00000002   PAD
    0x08000e5c   0x0000009c   Code   RO         2024    i.USART_Init        stm32f10x_usart.o
    0x08000ef8   0x00000014   Code   RO            1    i._Z4loopv          main.o
    0x08000f0c   0x00000164   Code   RO            2    i._Z5setupv         main.o
    0x08001070   0x000001cc   Code   RO          385    i._ZN21WIRELESS_DATA_PROCESS10host_loginEj  data_process.o
    0x0800123c   0x000001bc   Code   RO          386    i._ZN21WIRELESS_DATA_PROCESS10host_loginEv  data_process.o
    0x080013f8   0x00000148   Code   RO          387    i._ZN21WIRELESS_DATA_PROCESS11host_logoutEv  data_process.o
    0x08001540   0x00000198   Code   RO          388    i._ZN21WIRELESS_DATA_PROCESS12device_loginEv  data_process.o
    0x080016d8   0x00000028   Code   RO          389    i._ZN21WIRELESS_DATA_PROCESS12process_loopEv  data_process.o
    0x08001700   0x000000e8   Code   RO          390    i._ZN21WIRELESS_DATA_PROCESS13check_machineEj  data_process.o
    0x080017e8   0x0000010c   Code   RO          391    i._ZN21WIRELESS_DATA_PROCESS13check_machineEv  data_process.o
    0x080018f4   0x000000f8   Code   RO          392    i._ZN21WIRELESS_DATA_PROCESS13device_logoutEv  data_process.o
    0x080019ec   0x00000114   Code   RO          393    i._ZN21WIRELESS_DATA_PROCESS13process_setupEh  data_process.o
    0x08001b00   0x0000019c   Code   RO          395    i._ZN21WIRELESS_DATA_PROCESS13test_transferEv  data_process.o
    0x08001c9c   0x0000001c   Code   RO          396    i._ZN21WIRELESS_DATA_PROCESS14calc_check_sumEPhh  data_process.o
    0x08001cb8   0x000000dc   Code   RO          397    i._ZN21WIRELESS_DATA_PROCESS15host_add_deviceEv  data_process.o
    0x08001d94   0x00000294   Code   RO          398    i._ZN21WIRELESS_DATA_PROCESS15process_commandEv  data_process.o
    0x08002028   0x000001f8   Code   RO          399    i._ZN21WIRELESS_DATA_PROCESS15process_receiveEv  data_process.o
    0x08002220   0x000000c0   Code   RO          400    i._ZN21WIRELESS_DATA_PROCESS16function_processEv  data_process.o
    0x080022e0   0x0000030c   Code   RO          401    i._ZN21WIRELESS_DATA_PROCESS16process_responseEh  data_process.o
    0x080025ec   0x0000032c   Code   RO          402    i._ZN21WIRELESS_DATA_PROCESS16process_transferEv  data_process.o
    0x08002918   0x0000012c   Code   RO          403    i._ZN21WIRELESS_DATA_PROCESS16set_machine_infoEv  data_process.o
    0x08002a44   0x00000088   Code   RO          404    i._ZN21WIRELESS_DATA_PROCESS17wait_wireless_ackEt  data_process.o
    0x08002acc   0x000000c8   Code   RO          405    i._ZN21WIRELESS_DATA_PROCESS17wait_wireless_ackEtj  data_process.o
    0x08002b94   0x00000114   Code   RO          406    i._ZN21WIRELESS_DATA_PROCESS18check_machine_infoEv  data_process.o
    0x08002ca8   0x0000016c   Code   RO          407    i._ZN21WIRELESS_DATA_PROCESS19test_device_processEv  data_process.o
    0x08002e14   0x00000048   Code   RO          408    i._ZN21WIRELESS_DATA_PROCESS21cryption_data_processEPhhS0_  data_process.o
    0x08002e5c   0x000000a4   Code   RO          409    i._ZN21WIRELESS_DATA_PROCESS23clear_save_machine_dataEv  data_process.o
    0x08002f00   0x0000002c   Code   RO          410    i._ZN21WIRELESS_DATA_PROCESS23login_save_machine_infoEv  data_process.o
    0x08002f2c   0x00000154   Code   RO          411    i._ZN21WIRELESS_DATA_PROCESS23test_smart_lock_processEv  data_process.o
    0x08003080   0x0000003c   Code   RO          412    i._ZN21WIRELESS_DATA_PROCESS5crc16EPKvt  data_process.o
    0x080030bc   0x00000038   Code   RO          612    i._ZN6SI446X12SI446x_ResetEv  drv_si4463.o
    0x080030f4   0x000000e8   Code   RO          613    i._ZN6SI446X12SI446x_setupEv  drv_si4463.o
    0x080031dc   0x00000042   Code   RO          615    i._ZN6SI446X15SI446x_Power_UpEj  drv_si4463.o
    0x0800321e   0x0000005a   Code   RO          616    i._ZN6SI446X15SI446x_Start_RxEhhthhh  drv_si4463.o
    0x08003278   0x00000050   Code   RO          618    i._ZN6SI446X15SI446x_Wait_CtsEv  drv_si4463.o
    0x080032c8   0x00000012   Code   RO          619    i._ZN6SI446X15si446x_get_rssiEv  drv_si4463.o
    0x080032da   0x00000002   PAD
    0x080032dc   0x00000084   Code   RO          620    i._ZN6SI446X16SI446x_Gpio_InitEv  drv_si4463.o
    0x08003360   0x00000014   Code   RO          621    i._ZN6SI446X16SI446x_Set_PowerEh  drv_si4463.o
    0x08003374   0x00000040   Code   RO          622    i._ZN6SI446X17SI446x_Write_CmdsEPhh  drv_si4463.o
    0x080033b4   0x00000056   Code   RO          623    i._ZN6SI446X18SI446x_Config_GpioEhhhhhhh  drv_si4463.o
    0x0800340a   0x00000002   PAD
    0x0800340c   0x000000dc   Code   RO          624    i._ZN6SI446X18SI446x_Config_InitEv  drv_si4463.o
    0x080034e8   0x0000005c   Code   RO          626    i._ZN6SI446X18SI446x_Read_PacketEPh  drv_si4463.o
    0x08003544   0x00000084   Code   RO          627    i._ZN6SI446X18SI446x_Send_PacketEPhhhh  drv_si4463.o
    0x080035c8   0x00000020   Code   RO          629    i._ZN6SI446X19SI446x_Reset_RxFifoEv  drv_si4463.o
    0x080035e8   0x00000020   Code   RO          630    i._ZN6SI446X19SI446x_Reset_TxFifoEv  drv_si4463.o
    0x08003608   0x00000020   Code   RO          633    i._ZN6SI446X20SI446x_Change_StatusEh  drv_si4463.o
    0x08003628   0x00000048   Code   RO          635    i._ZN6SI446X20SI446x_Read_ResponseEPhh  drv_si4463.o
    0x08003670   0x0000007c   Code   RO          636    i._ZN6SI446X20si446x_recalibrationEv  drv_si4463.o
    0x080036ec   0x00000036   Code   RO          638    i._ZN6SI446X21SI446x_Set_Property_1E15SI446X_PROPERTYh  drv_si4463.o
    0x08003722   0x00000024   Code   RO          641    i._ZN6SI446X23SI446x_Get_Modem_StatusEPh  drv_si4463.o
    0x08003746   0x0000002c   Code   RO          643    i._ZN6SI446X24SI446x_Get_Device_StatusEv  drv_si4463.o
    0x08003772   0x00000024   Code   RO          645    i._ZN6SI446X26SI446x_PH_Interrupt_StatusEPh  drv_si4463.o
    0x08003796   0x00000020   Code   RO          647    i._ZN6SI446X27SI446x_Get_Part_InformatoinEPh  drv_si4463.o
    0x080037b6   0x00000002   PAD
    0x080037b8   0x000000c8   Code   RO          649    i._ZN6SI446X8read_IRQEv  drv_si4463.o
    0x08003880   0x00000004   Code   RO          297    i._sys_exit         drv_uart.o
    0x08003884   0x0000003c   Code   RO          298    i.debug_tx_bytes    drv_uart.o
    0x080038c0   0x0000002c   Code   RO          299    i.debug_tx_bytes_printf  drv_uart.o
    0x080038ec   0x0000001a   Code   RO         2404    i.delay             stm32f10x_flash.o
    0x08003906   0x00000050   Code   RO          124    i.drv_delay_ms      drv_delay.o
    0x08003956   0x00000002   PAD
    0x08003958   0x00000090   Code   RO          125    i.drv_delay_setup   drv_delay.o
    0x080039e8   0x00000044   Code   RO          127    i.drv_delay_us      drv_delay.o
    0x08003a2c   0x00000028   Code   RO          232    i.drv_led_flashing  drv_led.o
    0x08003a54   0x00000054   Code   RO          235    i.drv_led_setup     drv_led.o
    0x08003aa8   0x000000d4   Code   RO          270    i.drv_spi_init      drv_spi.o
    0x08003b7c   0x00000060   Code   RO          271    i.drv_spi_read_write_byte  drv_spi.o
    0x08003bdc   0x000000e8   Code   RO          301    i.drv_uart_setup    drv_uart.o
    0x08003cc4   0x00000030   Code   RO          302    i.drv_uart_tx_bytes  drv_uart.o
    0x08003cf4   0x0000001c   Code   RO          303    i.fputc             drv_uart.o
    0x08003d10   0x0000000c   Code   RO            3    i.main              main.o
    0x08003d1c   0x000000c8   Code   RO          304    i.serial_cmd_Loop   drv_uart.o
    0x08003de4   0x0000016c   Data   RO          690    .constdata          drv_si4463.o
    0x08003f50   0x00000028   Data   RO         2564    .constdata          c_w.l(_printf_hex_int.o)
    0x08003f78   0x00000044   Data   RO          442    .conststring        data_process.o
    0x08003fbc   0x00000020   Data   RO         2786    Region$$Table       anon$$obj.o


    Execution Region RW_IRAM1 (Base: 0x20000000, Size: 0x00000e80, Max: 0x00005000, ABSOLUTE)

    Base Addr    Size         Type   Attr      Idx    E Section Name        Object

    0x20000000   0x00000008   Data   RW            7    .data               main.o
    0x20000008   0x00000005   Data   RW          306    .data               drv_uart.o
    0x2000000d   0x00000001   PAD
    0x2000000e   0x0000000f   Data   RW          443    .data               data_process.o
    0x2000001d   0x00000001   PAD
    0x2000001e   0x0000004c   Data   RW          691    .data               drv_si4463.o
    0x2000006a   0x00000014   Data   RW         2213    .data               stm32f10x_rcc.o
    0x2000007e   0x00000002   PAD
    0x20000080   0x00000020   Zero   RW          305    .bss                drv_uart.o
    0x200000a0   0x00000695   Zero   RW          441    .bss                data_process.o
    0x20000735   0x00000001   PAD
    0x20000736   0x00000400   Zero   RW          870    .bss                stm32_flash.o
    0x20000b36   0x00000002   PAD
    0x20000b38   0x000000e4   Zero   RW         2606    .bss                c_w.l(rand.o)
    0x20000c1c   0x00000060   Zero   RW         2720    .bss                c_w.l(libspace.o)
    0x20000c7c   0x00000004   PAD
    0x20000c80   0x00000000   Zero   RW         2542    HEAP                startup_stm32f10x_md.o
    0x20000c80   0x00000200   Zero   RW         2541    STACK               startup_stm32f10x_md.o


==============================================================================

Image component sizes


      Code (inc. data)   RO Data    RW Data    ZI Data      Debug   Object Name

         0          0          0          0          0         32   core_cm3.o
      8268       2362         68         15       1685      38254   data_process.o
       428         14          0          0          0     262586   drv_delay.o
       124         20          0          0          0       1815   drv_led.o
      1992        124        364         76          0      26423   drv_si4463.o
       308         14          0          0          0       1289   drv_spi.o
       616         68          0          5         32       5838   drv_uart.o
       388        128          0          8          0     221762   main.o
        20         10          0          0          0        507   misc.o
        52         18        236          0        512        812   startup_stm32f10x_md.o
       310         10          0          0       1024       3305   stm32_flash.o
        12          6          0          0          0        517   stm32f10x_exti.o
       312         30          0          0          0       5137   stm32f10x_flash.o
       286          0          0          0          0       2840   stm32f10x_gpio.o
       340         44          0         20          0       5552   stm32f10x_rcc.o
       194          4          0          0          0       3110   stm32f10x_spi.o
       112         10          0          0          0       5722   stm32f10x_tim.o
       354         16          0          0          0       3878   stm32f10x_usart.o

    ----------------------------------------------------------------------
     14132       2878        700        128       3256     589379   Object Totals
         0          0         32          0          0          0   (incl. Generated)
        16          0          0          4          3          0   (incl. Padding)

    ----------------------------------------------------------------------

      Code (inc. data)   RO Data    RW Data    ZI Data      Debug   Library Member Name

         8          0          0          0          0         68   __main.o
       104          0          0          0          0         84   __printf.o
         0          0          0          0          0          0   __rtentry.o
        12          0          0          0          0          0   __rtentry2.o
         6          0          0          0          0          0   __rtentry4.o
        52          8          0          0          0          0   __scatter.o
        26          0          0          0          0          0   __scatter_copy.o
        28          0          0          0          0          0   __scatter_zi.o
        48          6          0          0          0         96   _printf_char_common.o
        36          4          0          0          0         80   _printf_char_file.o
         6          0          0          0          0          0   _printf_d.o
       120         16          0          0          0         92   _printf_dec.o
        88          4         40          0          0         88   _printf_hex_int.o
       178          0          0          0          0         88   _printf_intcommon.o
         0          0          0          0          0          0   _printf_percent.o
         4          0          0          0          0          0   _printf_percent_end.o
         6          0          0          0          0          0   _printf_x.o
        12          0          0          0          0         72   exit.o
         8          0          0          0          0         68   ferror.o
         6          0          0          0          0        152   heapauxi.o
         2          0          0          0          0          0   libinit.o
         6          0          0          0          0          0   libinit2.o
         2          0          0          0          0          0   libshutdown.o
         2          0          0          0          0          0   libshutdown2.o
         8          4          0          0         96         68   libspace.o
        88          0          0          0          0         76   memcmp.o
        24          4          0          0          0         84   noretval__2printf.o
       112         18          0          0        228        160   rand.o
        68          0          0          0          0         68   rt_memclr.o
        78          0          0          0          0         80   rt_memclr_w.o
       138          0          0          0          0         68   rt_memcpy_v6.o
       100          0          0          0          0         80   rt_memcpy_w.o
         2          0          0          0          0          0   rtexit.o
        10          0          0          0          0          0   rtexit2.o
        74          0          0          0          0         80   sys_stackheap_outer.o
         2          0          0          0          0         68   use_no_semi.o
         2          0          0          0          0         68   use_no_semi_2.o

    ----------------------------------------------------------------------
      1476         64         40          0        328       1788   Library Totals
        10          0          0          0          4          0   (incl. Padding)

    ----------------------------------------------------------------------

      Code (inc. data)   RO Data    RW Data    ZI Data      Debug   Library Name

      1466         64         40          0        324       1788   c_w.l

    ----------------------------------------------------------------------
      1476         64         40          0        328       1788   Library Totals

    ----------------------------------------------------------------------

==============================================================================


      Code (inc. data)   RO Data    RW Data    ZI Data      Debug   

     15608       2942        740        128       3584     585027   Grand Totals
     15608       2942        740        128       3584     585027   ELF Image Totals
     15608       2942        740        128          0          0   ROM Totals

==============================================================================

    Total RO  Size (Code + RO Data)                16348 (  15.96kB)
    Total RW  Size (RW Data + ZI Data)              3712 (   3.63kB)
    Total ROM Size (Code + RO Data + RW Data)      16476 (  16.09kB)

==============================================================================

